Archive member included to satisfy reference by file (symbol)

c:/program files (x86)/atollic/truestudio for stm32 9.3.0/armtools/bin/../lib/gcc/arm-atollic-eabi/6.3.1/../../../../arm-atollic-eabi/lib/armv7e-m/fpu\libc_nano.a(lib_a-atoi.o)
                              Drivers\ioLibrary_Driver\Internet\FTPClient\ftpc.o (atoi)
c:/program files (x86)/atollic/truestudio for stm32 9.3.0/armtools/bin/../lib/gcc/arm-atollic-eabi/6.3.1/../../../../arm-atollic-eabi/lib/armv7e-m/fpu\libc_nano.a(lib_a-errno.o)
                              Core\Src\retarget.o (__errno)
c:/program files (x86)/atollic/truestudio for stm32 9.3.0/armtools/bin/../lib/gcc/arm-atollic-eabi/6.3.1/../../../../arm-atollic-eabi/lib/armv7e-m/fpu\libc_nano.a(lib_a-impure.o)
                              Core\Src\retarget.o (_impure_ptr)
c:/program files (x86)/atollic/truestudio for stm32 9.3.0/armtools/bin/../lib/gcc/arm-atollic-eabi/6.3.1/../../../../arm-atollic-eabi/lib/armv7e-m/fpu\libc_nano.a(lib_a-init.o)
                              startup\startup_stm32f411xe.o (__libc_init_array)
c:/program files (x86)/atollic/truestudio for stm32 9.3.0/armtools/bin/../lib/gcc/arm-atollic-eabi/6.3.1/../../../../arm-atollic-eabi/lib/armv7e-m/fpu\libc_nano.a(lib_a-locale.o)
                              Drivers\ioLibrary_Driver\Internet\FTPServer\ftpd.o (__locale_ctype_ptr)
c:/program files (x86)/atollic/truestudio for stm32 9.3.0/armtools/bin/../lib/gcc/arm-atollic-eabi/6.3.1/../../../../arm-atollic-eabi/lib/armv7e-m/fpu\libc_nano.a(lib_a-malloc.o)
                              Drivers\ioLibrary_Driver\Internet\httpServer\httpServer.o (malloc)
c:/program files (x86)/atollic/truestudio for stm32 9.3.0/armtools/bin/../lib/gcc/arm-atollic-eabi/6.3.1/../../../../arm-atollic-eabi/lib/armv7e-m/fpu\libc_nano.a(lib_a-mbtowc_r.o)
                              c:/program files (x86)/atollic/truestudio for stm32 9.3.0/armtools/bin/../lib/gcc/arm-atollic-eabi/6.3.1/../../../../arm-atollic-eabi/lib/armv7e-m/fpu\libc_nano.a(lib_a-locale.o) (__ascii_mbtowc)
c:/program files (x86)/atollic/truestudio for stm32 9.3.0/armtools/bin/../lib/gcc/arm-atollic-eabi/6.3.1/../../../../arm-atollic-eabi/lib/armv7e-m/fpu\libc_nano.a(lib_a-memcmp.o)
                              Drivers\ioLibrary_Driver\Internet\MQTT\MQTTPacket\src\MQTTConnectServer.o (memcmp)
c:/program files (x86)/atollic/truestudio for stm32 9.3.0/armtools/bin/../lib/gcc/arm-atollic-eabi/6.3.1/../../../../arm-atollic-eabi/lib/armv7e-m/fpu\libc_nano.a(lib_a-memcpy-stub.o)
                              Drivers\ioLibrary_Driver\Internet\FTPServer\ftpd.o (memcpy)
c:/program files (x86)/atollic/truestudio for stm32 9.3.0/armtools/bin/../lib/gcc/arm-atollic-eabi/6.3.1/../../../../arm-atollic-eabi/lib/armv7e-m/fpu\libc_nano.a(lib_a-memset.o)
                              Core\Src\main.o (memset)
c:/program files (x86)/atollic/truestudio for stm32 9.3.0/armtools/bin/../lib/gcc/arm-atollic-eabi/6.3.1/../../../../arm-atollic-eabi/lib/armv7e-m/fpu\libc_nano.a(lib_a-nano-freer.o)
                              c:/program files (x86)/atollic/truestudio for stm32 9.3.0/armtools/bin/../lib/gcc/arm-atollic-eabi/6.3.1/../../../../arm-atollic-eabi/lib/armv7e-m/fpu\libc_nano.a(lib_a-malloc.o) (_free_r)
c:/program files (x86)/atollic/truestudio for stm32 9.3.0/armtools/bin/../lib/gcc/arm-atollic-eabi/6.3.1/../../../../arm-atollic-eabi/lib/armv7e-m/fpu\libc_nano.a(lib_a-nano-mallocr.o)
                              c:/program files (x86)/atollic/truestudio for stm32 9.3.0/armtools/bin/../lib/gcc/arm-atollic-eabi/6.3.1/../../../../arm-atollic-eabi/lib/armv7e-m/fpu\libc_nano.a(lib_a-malloc.o) (_malloc_r)
c:/program files (x86)/atollic/truestudio for stm32 9.3.0/armtools/bin/../lib/gcc/arm-atollic-eabi/6.3.1/../../../../arm-atollic-eabi/lib/armv7e-m/fpu\libc_nano.a(lib_a-printf.o)
                              Core\Src\main.o (printf)
c:/program files (x86)/atollic/truestudio for stm32 9.3.0/armtools/bin/../lib/gcc/arm-atollic-eabi/6.3.1/../../../../arm-atollic-eabi/lib/armv7e-m/fpu\libc_nano.a(lib_a-putchar.o)
                              Drivers\ioLibrary_Driver\Application\multicast\multicast.o (putchar)
c:/program files (x86)/atollic/truestudio for stm32 9.3.0/armtools/bin/../lib/gcc/arm-atollic-eabi/6.3.1/../../../../arm-atollic-eabi/lib/armv7e-m/fpu\libc_nano.a(lib_a-puts.o)
                              Core\Src\main.o (puts)
c:/program files (x86)/atollic/truestudio for stm32 9.3.0/armtools/bin/../lib/gcc/arm-atollic-eabi/6.3.1/../../../../arm-atollic-eabi/lib/armv7e-m/fpu\libc_nano.a(lib_a-sbrkr.o)
                              c:/program files (x86)/atollic/truestudio for stm32 9.3.0/armtools/bin/../lib/gcc/arm-atollic-eabi/6.3.1/../../../../arm-atollic-eabi/lib/armv7e-m/fpu\libc_nano.a(lib_a-nano-mallocr.o) (_sbrk_r)
c:/program files (x86)/atollic/truestudio for stm32 9.3.0/armtools/bin/../lib/gcc/arm-atollic-eabi/6.3.1/../../../../arm-atollic-eabi/lib/armv7e-m/fpu\libc_nano.a(lib_a-setvbuf.o)
[...]
Memory Configuration

Name             Origin             Length             Attributes
RAM              0x20000000         0x00020000         xrw
FLASH            0x08000000         0x00080000         xr
*default*        0x00000000         0xffffffff

Linker script and memory map

LOAD c:/program files (x86)/atollic/truestudio for stm32 9.3.0/armtools/bin/../lib/gcc/arm-atollic-eabi/6.3.1/armv7e-m/fpu/crti.o
LOAD c:/program files (x86)/atollic/truestudio for stm32 9.3.0/armtools/bin/../lib/gcc/arm-atollic-eabi/6.3.1/armv7e-m/fpu/crtbegin.o
LOAD Core\Src\main.o
LOAD Core\Src\retarget.o
LOAD Core\Src\stm32f4xx_hal_msp.o
LOAD Core\Src\stm32f4xx_it.o
LOAD Core\Src\system_stm32f4xx.o
LOAD Drivers\STM32F4xx_HAL_Driver\Src\stm32f4xx_hal.o
LOAD Drivers\STM32F4xx_HAL_Driver\Src\stm32f4xx_hal_cortex.o
LOAD Drivers\STM32F4xx_HAL_Driver\Src\stm32f4xx_hal_dma.o
LOAD Drivers\STM32F4xx_HAL_Driver\Src\stm32f4xx_hal_dma_ex.o
LOAD Drivers\STM32F4xx_HAL_Driver\Src\stm32f4xx_hal_exti.o
LOAD Drivers\STM32F4xx_HAL_Driver\Src\stm32f4xx_hal_flash.o
LOAD Drivers\STM32F4xx_HAL_Driver\Src\stm32f4xx_hal_flash_ex.o
LOAD Drivers\STM32F4xx_HAL_Driver\Src\stm32f4xx_hal_flash_ramfunc.o
LOAD Drivers\STM32F4xx_HAL_Driver\Src\stm32f4xx_hal_gpio.o
LOAD Drivers\STM32F4xx_HAL_Driver\Src\stm32f4xx_hal_pwr.o
LOAD Drivers\STM32F4xx_HAL_Driver\Src\stm32f4xx_hal_pwr_ex.o
LOAD Drivers\STM32F4xx_HAL_Driver\Src\stm32f4xx_hal_rcc.o
LOAD Drivers\STM32F4xx_HAL_Driver\Src\stm32f4xx_hal_rcc_ex.o
LOAD Drivers\STM32F4xx_HAL_Driver\Src\stm32f4xx_hal_spi.o
LOAD Drivers\STM32F4xx_HAL_Driver\Src\stm32f4xx_hal_tim.o
LOAD Drivers\STM32F4xx_HAL_Driver\Src\stm32f4xx_hal_tim_ex.o
LOAD Drivers\STM32F4xx_HAL_Driver\Src\stm32f4xx_hal_uart.o
LOAD Drivers\ioLibrary_Driver\Application\loopback\loopback.o
LOAD Drivers\ioLibrary_Driver\Application\multicast\multicast.o
LOAD Drivers\ioLibrary_Driver\Ethernet\W5100\w5100.o
LOAD Drivers\ioLibrary_Driver\Ethernet\W5100S\w5100s.o
LOAD Drivers\ioLibrary_Driver\Ethernet\W5200\w5200.o
LOAD Drivers\ioLibrary_Driver\Ethernet\W5300\w5300.o
LOAD Drivers\ioLibrary_Driver\Ethernet\W5500\w5500.o
LOAD Drivers\ioLibrary_Driver\Ethernet\socket.o
LOAD Drivers\ioLibrary_Driver\Ethernet\wizchip_conf.o
LOAD Drivers\ioLibrary_Driver\Internet\DHCP\dhcp.o
LOAD Drivers\ioLibrary_Driver\Internet\DNS\dns.o
LOAD Drivers\ioLibrary_Driver\Internet\FTPClient\ftpc.o
LOAD Drivers\ioLibrary_Driver\Internet\FTPServer\ftpd.o
LOAD Drivers\ioLibrary_Driver\Internet\MQTT\MQTTClient.o
LOAD Drivers\ioLibrary_Driver\Internet\MQTT\MQTTPacket\src\MQTTConnectClient.o
LOAD Drivers\ioLibrary_Driver\Internet\MQTT\MQTTPacket\src\MQTTConnectServer.o
LOAD Drivers\ioLibrary_Driver\Internet\MQTT\MQTTPacket\src\MQTTDeserializePublish.o
LOAD Drivers\ioLibrary_Driver\Internet\MQTT\MQTTPacket\src\MQTTFormat.o
LOAD Drivers\ioLibrary_Driver\Internet\MQTT\MQTTPacket\src\MQTTPacket.o
LOAD Drivers\ioLibrary_Driver\Internet\MQTT\MQTTPacket\src\MQTTSerializePublish.o
LOAD Drivers\ioLibrary_Driver\Internet\MQTT\MQTTPacket\src\MQTTSubscribeClient.o
LOAD Drivers\ioLibrary_Driver\Internet\MQTT\MQTTPacket\src\MQTTSubscribeServer.o
LOAD Drivers\ioLibrary_Driver\Internet\MQTT\MQTTPacket\src\MQTTUnsubscribeClient.o
LOAD Drivers\ioLibrary_Driver\Internet\MQTT\MQTTPacket\src\MQTTUnsubscribeServer.o
LOAD Drivers\ioLibrary_Driver\Internet\MQTT\mqtt_interface.o
LOAD Drivers\ioLibrary_Driver\Internet\SNMP\snmp.o
LOAD Drivers\ioLibrary_Driver\Internet\SNMP\snmp_custom.o
LOAD Drivers\ioLibrary_Driver\Internet\SNTP\sntp.o
LOAD Drivers\ioLibrary_Driver\Internet\TFTP\netutil.o
LOAD Drivers\ioLibrary_Driver\Internet\TFTP\tftp.o
LOAD Drivers\ioLibrary_Driver\Internet\httpServer\httpParser.o
LOAD Drivers\ioLibrary_Driver\Internet\httpServer\httpServer.o
LOAD Drivers\ioLibrary_Driver\Internet\httpServer\httpUtil.o
LOAD startup\startup_stm32f411xe.o
                0x00000080                malloc_getpagesize_P = 0x80
START GROUP
LOAD c:/program files (x86)/atollic/truestudio for stm32 9.3.0/armtools/bin/../lib/gcc/arm-atollic-eabi/6.3.1/../../../../arm-atollic-eabi/lib/armv7e-m/fpu\libc_nano.a
LOAD c:/program files (x86)/atollic/truestudio for stm32 9.3.0/armtools/bin/../lib/gcc/arm-atollic-eabi/6.3.1/../../../../arm-atollic-eabi/lib/armv7e-m/fpu\libm.a
END GROUP
START GROUP
LOAD c:/program files (x86)/atollic/truestudio for stm32 9.3.0/armtools/bin/../lib/gcc/arm-atollic-eabi/6.3.1/armv7e-m/fpu\libgcc.a
LOAD c:/program files (x86)/atollic/truestudio for stm32 9.3.0/armtools/bin/../lib/gcc/arm-atollic-eabi/6.3.1/../../../../arm-atollic-eabi/lib/armv7e-m/fpu\libc_nano.a
END GROUP
START GROUP
LOAD c:/program files (x86)/atollic/truestudio for stm32 9.3.0/armtools/bin/../lib/gcc/arm-atollic-eabi/6.3.1/armv7e-m/fpu\libgcc.a
LOAD c:/program files (x86)/atollic/truestudio for stm32 9.3.0/armtools/bin/../lib/gcc/arm-atollic-eabi/6.3.1/../../../../arm-atollic-eabi/lib/armv7e-m/fpu\libc_nano.a
LOAD c:/program files (x86)/atollic/truestudio for stm32 9.3.0/armtools/bin/../lib/gcc/arm-atollic-eabi/6.3.1/../../../../arm-atollic-eabi/lib/armv7e-m/fpu\libnosys.a
END GROUP
START GROUP
LOAD c:/program files (x86)/atollic/truestudio for stm32 9.3.0/armtools/bin/../lib/gcc/arm-atollic-eabi/6.3.1/armv7e-m/fpu\libgcc.a
LOAD c:/program files (x86)/atollic/truestudio for stm32 9.3.0/armtools/bin/../lib/gcc/arm-atollic-eabi/6.3.1/../../../../arm-atollic-eabi/lib/armv7e-m/fpu\libc_nano.a
LOAD c:/program files (x86)/atollic/truestudio for stm32 9.3.0/armtools/bin/../lib/gcc/arm-atollic-eabi/6.3.1/../../../../arm-atollic-eabi/lib/armv7e-m/fpu\libnosys.a
END GROUP
LOAD c:/program files (x86)/atollic/truestudio for stm32 9.3.0/armtools/bin/../lib/gcc/arm-atollic-eabi/6.3.1/armv7e-m/fpu/crtend.o
LOAD c:/program files (x86)/atollic/truestudio for stm32 9.3.0/armtools/bin/../lib/gcc/arm-atollic-eabi/6.3.1/armv7e-m/fpu/crtn.o
                0x20020000                _estack = 0x20020000
                0x00000200                _Min_Heap_Size = 0x200
                0x00000400                _Min_Stack_Size = 0x400

.isr_vector     0x08000000      0x198
                0x08000000                . = ALIGN (0x4)
 *(.isr_vector)
 .isr_vector    0x08000000      0x198 startup\startup_stm32f411xe.o
                0x08000000                g_pfnVectors
                0x08000198                . = ALIGN (0x4)

.text           0x080001a0     0x5650
                0x080001a0                . = ALIGN (0x4)
 *(.text)
 .text          0x080001a0       0x40 c:/program files (x86)/atollic/truestudio for stm32 9.3.0/armtools/bin/../lib/gcc/arm-atollic-eabi/6.3.1/armv7e-m/fpu/crtbegin.o
 .text          0x080001e0       0x10 c:/program files (x86)/atollic/truestudio for stm32 9.3.0/armtools/bin/../lib/gcc/arm-atollic-eabi/6.3.1/../../../../arm-atollic-eabi/lib/armv7e-m/fpu\libc_nano.a(lib_a-strlen.o)
                0x080001e0                strlen
 .text          0x080001f0       0xa0 c:/program files (x86)/atollic/truestudio for stm32 9.3.0/armtools/bin/../lib/gcc/arm-atollic-eabi/6.3.1/../../../../arm-atollic-eabi/lib/armv7e-m/fpu\libc_nano.a(lib_a-memchr.o)
                0x080001f0                memchr
 .text          0x08000290       0x30 c:/program files (x86)/atollic/truestudio for stm32 9.3.0/armtools/bin/../lib/gcc/arm-atollic-eabi/6.3.1/armv7e-m/fpu\libgcc.a(_aeabi_uldivmod.o)
                0x08000290                __aeabi_uldivmod
 .text          0x080002c0      0x2dc c:/program files (x86)/atollic/truestudio for stm32 9.3.0/armtools/bin/../lib/gcc/arm-atollic-eabi/6.3.1/armv7e-m/fpu\libgcc.a(_udivmoddi4.o)
                0x080002c0                __udivmoddi4
 .text          0x0800059c        0x4 c:/program files (x86)/atollic/truestudio for stm32 9.3.0/armtools/bin/../lib/gcc/arm-atollic-eabi/6.3.1/armv7e-m/fpu\libgcc.a(_dvmd_tls.o)
                0x0800059c                __aeabi_idiv0
                0x0800059c                __aeabi_ldiv0
 *(.text*)
 .text.csEnable
                0x080005a0       0x18 Core\Src\main.o
                0x080005a0                csEnable
 .text.csDisable
                0x080005b8       0x18 Core\Src\main.o
                0x080005b8                csDisable
 .text.spiWriteByte
                0x080005d0       0x2c Core\Src\main.o
                0x080005d0                spiWriteByte
 .text.spiReadByte
                0x080005fc       0x2c Core\Src\main.o
                0x080005fc                spiReadByte
 .text.W5500_Init
                0x08000628       0x5c Core\Src\main.o
                0x08000628                W5500_Init
 .text.main     0x08000684      0x17c Core\Src\main.o
                0x08000684                main
 .text.SystemClock_Config
                0x08000800       0xbc Core\Src\main.o
                0x08000800                SystemClock_Config
 .text.MX_SPI1_Init
                0x080008bc       0x6c Core\Src\main.o
 .text.MX_USART2_UART_Init
                0x08000928       0x54 Core\Src\main.o
 .text.MX_GPIO_Init
                0x0800097c       0x84 Core\Src\main.o
 .text.print_network_information
                0x08000a00      0x104 Core\Src\main.o
                0x08000a00                print_network_information
 .text.Error_Handler
                0x08000b04        0xe Core\Src\main.o
                0x08000b04                Error_Handler
 *fill*         0x08000b12        0x2 
 .text.RetargetInit
                0x08000b14       0x30 Core\Src\retarget.o
                0x08000b14                RetargetInit
 .text._isatty  0x08000b44       0x2c Core\Src\retarget.o
                0x08000b44                _isatty
 .text._write   0x08000b70       0x58 Core\Src\retarget.o
                0x08000b70                _write
 .text._close   0x08000bc8       0x2e Core\Src\retarget.o
                0x08000bc8                _close
 .text._lseek   0x08000bf6       0x22 Core\Src\retarget.o
                0x08000bf6                _lseek
 .text._read    0x08000c18       0x50 Core\Src\retarget.o
                0x08000c18                _read
 .text._fstat   0x08000c68       0x36 Core\Src\retarget.o
                0x08000c68                _fstat
 *fill*         0x08000c9e        0x2 
 .text.HAL_MspInit
                0x08000ca0       0x50 Core\Src\stm32f4xx_hal_msp.o
                0x08000ca0                HAL_MspInit
 .text.HAL_SPI_MspInit
                0x08000cf0       0x90 Core\Src\stm32f4xx_hal_msp.o
                0x08000cf0                HAL_SPI_MspInit
 .text.HAL_UART_MspInit
                0x08000d80       0x90 Core\Src\stm32f4xx_hal_msp.o
                0x08000d80                HAL_UART_MspInit
 .text.NMI_Handler
                0x08000e10        0x6 Core\Src\stm32f4xx_it.o
                0x08000e10                NMI_Handler
 .text.HardFault_Handler
                0x08000e16        0x6 Core\Src\stm32f4xx_it.o
                0x08000e16                HardFault_Handler
 .text.MemManage_Handler
                0x08000e1c        0x6 Core\Src\stm32f4xx_it.o
                0x08000e1c                MemManage_Handler
 .text.BusFault_Handler
                0x08000e22        0x6 Core\Src\stm32f4xx_it.o
                0x08000e22                BusFault_Handler
 .text.UsageFault_Handler
                0x08000e28        0x6 Core\Src\stm32f4xx_it.o
                0x08000e28                UsageFault_Handler
 .text.SVC_Handler
                0x08000e2e        0xe Core\Src\stm32f4xx_it.o
                0x08000e2e                SVC_Handler
 .text.DebugMon_Handler
                0x08000e3c        0xe Core\Src\stm32f4xx_it.o
                0x08000e3c                DebugMon_Handler
 .text.PendSV_Handler
                0x08000e4a        0xe Core\Src\stm32f4xx_it.o
                0x08000e4a                PendSV_Handler
 .text.SysTick_Handler
                0x08000e58        0xc Core\Src\stm32f4xx_it.o
                0x08000e58                SysTick_Handler
 .text.SystemInit
                0x08000e64       0x2c Core\Src\system_stm32f4xx.o
                0x08000e64                SystemInit
 .text.HAL_Init
                0x08000e90       0x44 Drivers\STM32F4xx_HAL_Driver\Src\stm32f4xx_hal.o
                0x08000e90                HAL_Init
 .text.HAL_InitTick
                0x08000ed4       0x60 Drivers\STM32F4xx_HAL_Driver\Src\stm32f4xx_hal.o
                0x08000ed4                HAL_InitTick
 .text.HAL_IncTick
                0x08000f34       0x28 Drivers\STM32F4xx_HAL_Driver\Src\stm32f4xx_hal.o
                0x08000f34                HAL_IncTick
 .text.HAL_GetTick
                0x08000f5c       0x18 Drivers\STM32F4xx_HAL_Driver\Src\stm32f4xx_hal.o
                0x08000f5c                HAL_GetTick
 .text.HAL_Delay
                0x08000f74       0x44 Drivers\STM32F4xx_HAL_Driver\Src\stm32f4xx_hal.o
                0x08000f74                HAL_Delay
 .text.__NVIC_SetPriorityGrouping
                0x08000fb8       0x48 Drivers\STM32F4xx_HAL_Driver\Src\stm32f4xx_hal_cortex.o
 .text.__NVIC_GetPriorityGrouping
                0x08001000       0x1c Drivers\STM32F4xx_HAL_Driver\Src\stm32f4xx_hal_cortex.o
 .text.__NVIC_SetPriority
                0x0800101c       0x54 Drivers\STM32F4xx_HAL_Driver\Src\stm32f4xx_hal_cortex.o
 .text.NVIC_EncodePriority
                0x08001070       0x62 Drivers\STM32F4xx_HAL_Driver\Src\stm32f4xx_hal_cortex.o
 *fill*         0x080010d2        0x2 
 .text.SysTick_Config
                0x080010d4       0x44 Drivers\STM32F4xx_HAL_Driver\Src\stm32f4xx_hal_cortex.o
 .text.HAL_NVIC_SetPriorityGrouping
                0x08001118       0x16 Drivers\STM32F4xx_HAL_Driver\Src\stm32f4xx_hal_cortex.o
                0x08001118                HAL_NVIC_SetPriorityGrouping
 .text.HAL_NVIC_SetPriority
                0x0800112e       0x38 Drivers\STM32F4xx_HAL_Driver\Src\stm32f4xx_hal_cortex.o
                0x0800112e                HAL_NVIC_SetPriority
 .text.HAL_SYSTICK_Config
                0x08001166       0x18 Drivers\STM32F4xx_HAL_Driver\Src\stm32f4xx_hal_cortex.o
                0x08001166                HAL_SYSTICK_Config
 *fill*         0x0800117e        0x2 
 .text.HAL_GPIO_Init
                0x08001180      0x304 Drivers\STM32F4xx_HAL_Driver\Src\stm32f4xx_hal_gpio.o
                0x08001180                HAL_GPIO_Init
 .text.HAL_GPIO_WritePin
                0x08001484       0x32 Drivers\STM32F4xx_HAL_Driver\Src\stm32f4xx_hal_gpio.o
                0x08001484                HAL_GPIO_WritePin
 *fill*         0x080014b6        0x2 
 .text.HAL_RCC_OscConfig
                0x080014b8      0x4e0 Drivers\STM32F4xx_HAL_Driver\Src\stm32f4xx_hal_rcc.o
                0x080014b8                HAL_RCC_OscConfig
 .text.HAL_RCC_ClockConfig
                0x08001998      0x1cc Drivers\STM32F4xx_HAL_Driver\Src\stm32f4xx_hal_rcc.o
                0x08001998                HAL_RCC_ClockConfig
 .text.HAL_RCC_GetSysClockFreq
                0x08001b64      0x16c Drivers\STM32F4xx_HAL_Driver\Src\stm32f4xx_hal_rcc.o
                0x08001b64                HAL_RCC_GetSysClockFreq
 .text.HAL_RCC_GetHCLKFreq
                0x08001cd0       0x18 Drivers\STM32F4xx_HAL_Driver\Src\stm32f4xx_hal_rcc.o
                0x08001cd0                HAL_RCC_GetHCLKFreq
 .text.HAL_RCC_GetPCLK1Freq
                0x08001ce8       0x28 Drivers\STM32F4xx_HAL_Driver\Src\stm32f4xx_hal_rcc.o
                0x08001ce8                HAL_RCC_GetPCLK1Freq
 .text.HAL_RCC_GetPCLK2Freq
                0x08001d10       0x28 Drivers\STM32F4xx_HAL_Driver\Src\stm32f4xx_hal_rcc.o
                0x08001d10                HAL_RCC_GetPCLK2Freq
 .text.HAL_SPI_Init
                0x08001d38       0xc6 Drivers\STM32F4xx_HAL_Driver\Src\stm32f4xx_hal_spi.o
                0x08001d38                HAL_SPI_Init
 .text.HAL_SPI_TransmitReceive
                0x08001dfe      0x340 Drivers\STM32F4xx_HAL_Driver\Src\stm32f4xx_hal_spi.o
                0x08001dfe                HAL_SPI_TransmitReceive
 .text.SPI_WaitFlagStateUntilTimeout
                0x0800213e       0xd4 Drivers\STM32F4xx_HAL_Driver\Src\stm32f4xx_hal_spi.o
 *fill*         0x08002212        0x2 
 .text.SPI_EndRxTxTransaction
                0x08002214       0x84 Drivers\STM32F4xx_HAL_Driver\Src\stm32f4xx_hal_spi.o
 .text.HAL_UART_Init
                0x08002298       0x9a Drivers\STM32F4xx_HAL_Driver\Src\stm32f4xx_hal_uart.o
                0x08002298                HAL_UART_Init
 .text.HAL_UART_Transmit
                0x08002332      0x130 Drivers\STM32F4xx_HAL_Driver\Src\stm32f4xx_hal_uart.o
                0x08002332                HAL_UART_Transmit
 .text.HAL_UART_Receive
                0x08002462      0x14c Drivers\STM32F4xx_HAL_Driver\Src\stm32f4xx_hal_uart.o
                0x08002462                HAL_UART_Receive
 .text.UART_WaitOnFlagUntilTimeout
                0x080025ae       0x94 Drivers\STM32F4xx_HAL_Driver\Src\stm32f4xx_hal_uart.o
 *fill*         0x08002642        0x2 
 .text.UART_SetConfig
                0x08002644      0x67c Drivers\STM32F4xx_HAL_Driver\Src\stm32f4xx_hal_uart.o
 .text.WIZCHIP_READ
                0x08002cc0       0x98 Drivers\ioLibrary_Driver\Ethernet\W5500\w5500.o
                0x08002cc0                WIZCHIP_READ
 .text.WIZCHIP_WRITE
                0x08002d58       0x9c Drivers\ioLibrary_Driver\Ethernet\W5500\w5500.o
                0x08002d58                WIZCHIP_WRITE
 .text.WIZCHIP_READ_BUF
                0x08002df4       0xc0 Drivers\ioLibrary_Driver\Ethernet\W5500\w5500.o
                0x08002df4                WIZCHIP_READ_BUF
 .text.WIZCHIP_WRITE_BUF
                0x08002eb4       0xc0 Drivers\ioLibrary_Driver\Ethernet\W5500\w5500.o
                0x08002eb4                WIZCHIP_WRITE_BUF
 .text.getSn_TX_FSR
                0x08002f74       0x96 Drivers\ioLibrary_Driver\Ethernet\W5500\w5500.o
                0x08002f74                getSn_TX_FSR
 .text.getSn_RX_RSR
                0x0800300a       0x96 Drivers\ioLibrary_Driver\Ethernet\W5500\w5500.o
                0x0800300a                getSn_RX_RSR
 .text.wiz_send_data
                0x080030a0       0xb8 Drivers\ioLibrary_Driver\Ethernet\W5500\w5500.o
                0x080030a0                wiz_send_data
 .text.socket   0x08003158      0x228 Drivers\ioLibrary_Driver\Ethernet\socket.o
                0x08003158                socket
 .text.close    0x08003380       0xdc Drivers\ioLibrary_Driver\Ethernet\socket.o
                0x08003380                close
 .text.listen   0x0800345c       0xb2 Drivers\ioLibrary_Driver\Ethernet\socket.o
                0x0800345c                listen
 *fill*         0x0800350e        0x2 
 .text.disconnect
                0x08003510       0xec Drivers\ioLibrary_Driver\Ethernet\socket.o
                0x08003510                disconnect
 .text.send     0x080035fc      0x1f4 Drivers\ioLibrary_Driver\Ethernet\socket.o
                0x080035fc                send
 .text.getsockopt
                0x080037f0      0x230 Drivers\ioLibrary_Driver\Ethernet\socket.o
                0x080037f0                getsockopt
 .text.wizchip_cris_enter
                0x08003a20        0xe Drivers\ioLibrary_Driver\Ethernet\wizchip_conf.o
                0x08003a20                wizchip_cris_enter
 .text.wizchip_cris_exit
                0x08003a2e        0xe Drivers\ioLibrary_Driver\Ethernet\wizchip_conf.o
                0x08003a2e                wizchip_cris_exit
 .text.wizchip_cs_select
                0x08003a3c        0xe Drivers\ioLibrary_Driver\Ethernet\wizchip_conf.o
                0x08003a3c                wizchip_cs_select
 .text.wizchip_cs_deselect
                0x08003a4a        0xe Drivers\ioLibrary_Driver\Ethernet\wizchip_conf.o
                0x08003a4a                wizchip_cs_deselect
 .text.wizchip_bus_readdata
                0x08003a58       0x1a Drivers\ioLibrary_Driver\Ethernet\wizchip_conf.o
                0x08003a58                wizchip_bus_readdata
 .text.wizchip_bus_writedata
                0x08003a72       0x1e Drivers\ioLibrary_Driver\Ethernet\wizchip_conf.o
                0x08003a72                wizchip_bus_writedata
 .text.wizchip_spi_readbyte
                0x08003a90       0x10 Drivers\ioLibrary_Driver\Ethernet\wizchip_conf.o
                0x08003a90                wizchip_spi_readbyte
 .text.wizchip_spi_writebyte
                0x08003aa0       0x16 Drivers\ioLibrary_Driver\Ethernet\wizchip_conf.o
                0x08003aa0                wizchip_spi_writebyte
 *fill*         0x08003ab6        0x2 
 .text.reg_wizchip_cs_cbfunc
                0x08003ab8       0x48 Drivers\ioLibrary_Driver\Ethernet\wizchip_conf.o
                0x08003ab8                reg_wizchip_cs_cbfunc
 .text.reg_wizchip_spi_cbfunc
                0x08003b00       0x58 Drivers\ioLibrary_Driver\Ethernet\wizchip_conf.o
                0x08003b00                reg_wizchip_spi_cbfunc
 .text.ctlwizchip
                0x08003b58      0x1bc Drivers\ioLibrary_Driver\Ethernet\wizchip_conf.o
                0x08003b58                ctlwizchip
 .text.wizchip_sw_reset
                0x08003d14       0x98 Drivers\ioLibrary_Driver\Ethernet\wizchip_conf.o
                0x08003d14                wizchip_sw_reset
 .text.wizchip_init
                0x08003dac      0x118 Drivers\ioLibrary_Driver\Ethernet\wizchip_conf.o
                0x08003dac                wizchip_init
 .text.wizchip_clrinterrupt
                0x08003ec4       0x66 Drivers\ioLibrary_Driver\Ethernet\wizchip_conf.o
                0x08003ec4                wizchip_clrinterrupt
 .text.wizchip_getinterrupt
                0x08003f2a       0x4a Drivers\ioLibrary_Driver\Ethernet\wizchip_conf.o
                0x08003f2a                wizchip_getinterrupt
 .text.wizchip_setinterruptmask
                0x08003f74       0x36 Drivers\ioLibrary_Driver\Ethernet\wizchip_conf.o
                0x08003f74                wizchip_setinterruptmask
 .text.wizchip_getinterruptmask
                0x08003faa       0x46 Drivers\ioLibrary_Driver\Ethernet\wizchip_conf.o
                0x08003faa                wizchip_getinterruptmask
 .text.wizphy_getphylink
                0x08003ff0       0x2c Drivers\ioLibrary_Driver\Ethernet\wizchip_conf.o
                0x08003ff0                wizphy_getphylink
 .text.wizphy_getphypmode
                0x0800401c       0x32 Drivers\ioLibrary_Driver\Ethernet\wizchip_conf.o
                0x0800401c                wizphy_getphypmode
 .text.wizphy_reset
                0x0800404e       0x4e Drivers\ioLibrary_Driver\Ethernet\wizchip_conf.o
                0x0800404e                wizphy_reset
 .text.wizphy_setphyconf
                0x0800409c       0x84 Drivers\ioLibrary_Driver\Ethernet\wizchip_conf.o
                0x0800409c                wizphy_setphyconf
 .text.wizphy_getphyconf
                0x08004120       0x98 Drivers\ioLibrary_Driver\Ethernet\wizchip_conf.o
                0x08004120                wizphy_getphyconf
 .text.wizphy_setphypmode
                0x080041b8       0x94 Drivers\ioLibrary_Driver\Ethernet\wizchip_conf.o
                0x080041b8                wizphy_setphypmode
 .text.wizchip_setnetinfo
                0x0800424c       0x80 Drivers\ioLibrary_Driver\Ethernet\wizchip_conf.o
                0x0800424c                wizchip_setnetinfo
 .text.wizchip_getnetinfo
                0x080042cc       0x80 Drivers\ioLibrary_Driver\Ethernet\wizchip_conf.o
                0x080042cc                wizchip_getnetinfo
 .text.Reset_Handler
                0x0800434c       0x50 startup\startup_stm32f411xe.o
                0x0800434c                Reset_Handler
 .text.Default_Handler
                0x0800439c        0x2 startup\startup_stm32f411xe.o
                0x0800439c                RTC_Alarm_IRQHandler
                0x0800439c                EXTI2_IRQHandler
                0x0800439c                SPI4_IRQHandler
                0x0800439c                TIM1_CC_IRQHandler
                0x0800439c                DMA2_Stream5_IRQHandler
                0x0800439c                DMA1_Stream5_IRQHandler
                0x0800439c                PVD_IRQHandler
                0x0800439c                SDIO_IRQHandler
                0x0800439c                TAMP_STAMP_IRQHandler
                0x0800439c                EXTI3_IRQHandler
                0x0800439c                TIM1_UP_TIM10_IRQHandler
                0x0800439c                I2C3_ER_IRQHandler
                0x0800439c                EXTI0_IRQHandler
                0x0800439c                I2C2_EV_IRQHandler
                0x0800439c                DMA1_Stream2_IRQHandler
                0x0800439c                FPU_IRQHandler
                0x0800439c                DMA2_Stream2_IRQHandler
                0x0800439c                SPI1_IRQHandler
                0x0800439c                TIM1_BRK_TIM9_IRQHandler
                0x0800439c                DMA2_Stream3_IRQHandler
                0x0800439c                USART6_IRQHandler
                0x0800439c                DMA2_Stream0_IRQHandler
                0x0800439c                TIM4_IRQHandler
                0x0800439c                I2C1_EV_IRQHandler
                0x0800439c                DMA1_Stream6_IRQHandler
                0x0800439c                DMA1_Stream1_IRQHandler
                0x0800439c                TIM3_IRQHandler
                0x0800439c                RCC_IRQHandler
                0x0800439c                Default_Handler
                0x0800439c                EXTI15_10_IRQHandler
                0x0800439c                ADC_IRQHandler
                0x0800439c                DMA1_Stream7_IRQHandler
                0x0800439c                SPI5_IRQHandler
                0x0800439c                TIM5_IRQHandler
                0x0800439c                DMA2_Stream7_IRQHandler
                0x0800439c                I2C3_EV_IRQHandler
                0x0800439c                EXTI9_5_IRQHandler
                0x0800439c                RTC_WKUP_IRQHandler
                0x0800439c                SPI2_IRQHandler
                0x0800439c                DMA1_Stream0_IRQHandler
                0x0800439c                EXTI4_IRQHandler
                0x0800439c                WWDG_IRQHandler
                0x0800439c                TIM2_IRQHandler
                0x0800439c                OTG_FS_WKUP_IRQHandler
                0x0800439c                TIM1_TRG_COM_TIM11_IRQHandler
                0x0800439c                EXTI1_IRQHandler
                0x0800439c                USART2_IRQHandler
                0x0800439c                I2C2_ER_IRQHandler
                0x0800439c                DMA2_Stream1_IRQHandler
                0x0800439c                FLASH_IRQHandler
                0x0800439c                DMA2_Stream4_IRQHandler
                0x0800439c                USART1_IRQHandler
                0x0800439c                OTG_FS_IRQHandler
                0x0800439c                SPI3_IRQHandler
                0x0800439c                DMA1_Stream4_IRQHandler
                0x0800439c                I2C1_ER_IRQHandler
                0x0800439c                DMA2_Stream6_IRQHandler
                0x0800439c                DMA1_Stream3_IRQHandler
 *fill*         0x0800439e        0x2 
 .text.__errno  0x080043a0        0xc c:/program files (x86)/atollic/truestudio for stm32 9.3.0/armtools/bin/../lib/gcc/arm-atollic-eabi/6.3.1/../../../../arm-atollic-eabi/lib/armv7e-m/fpu\libc_nano.a(lib_a-errno.o)
                0x080043a0                __errno
 .text.__libc_init_array
                0x080043ac       0x48 c:/program files (x86)/atollic/truestudio for stm32 9.3.0/armtools/bin/../lib/gcc/arm-atollic-eabi/6.3.1/../../../../arm-atollic-eabi/lib/armv7e-m/fpu\libc_nano.a(lib_a-init.o)
                0x080043ac                __libc_init_array
 .text.malloc   0x080043f4       0x10 c:/program files (x86)/atollic/truestudio for stm32 9.3.0/armtools/bin/../lib/gcc/arm-atollic-eabi/6.3.1/../../../../arm-atollic-eabi/lib/armv7e-m/fpu\libc_nano.a(lib_a-malloc.o)
                0x080043f4                malloc
 .text.memcpy   0x08004404       0x16 c:/program files (x86)/atollic/truestudio for stm32 9.3.0/armtools/bin/../lib/gcc/arm-atollic-eabi/6.3.1/../../../../arm-atollic-eabi/lib/armv7e-m/fpu\libc_nano.a(lib_a-memcpy-stub.o)
                0x08004404                memcpy
 .text.memset   0x0800441a       0x10 c:/program files (x86)/atollic/truestudio for stm32 9.3.0/armtools/bin/../lib/gcc/arm-atollic-eabi/6.3.1/../../../../arm-atollic-eabi/lib/armv7e-m/fpu\libc_nano.a(lib_a-memset.o)
                0x0800441a                memset
 *fill*         0x0800442a        0x2 
 .text._free_r  0x0800442c       0x9c c:/program files (x86)/atollic/truestudio for stm32 9.3.0/armtools/bin/../lib/gcc/arm-atollic-eabi/6.3.1/../../../../arm-atollic-eabi/lib/armv7e-m/fpu\libc_nano.a(lib_a-nano-freer.o)
                0x0800442c                _free_r
 .text._malloc_r
                0x080044c8       0xbc c:/program files (x86)/atollic/truestudio for stm32 9.3.0/armtools/bin/../lib/gcc/arm-atollic-eabi/6.3.1/../../../../arm-atollic-eabi/lib/armv7e-m/fpu\libc_nano.a(lib_a-nano-mallocr.o)
                0x080044c8                _malloc_r
 .text.printf   0x08004584       0x30 c:/program files (x86)/atollic/truestudio for stm32 9.3.0/armtools/bin/../lib/gcc/arm-atollic-eabi/6.3.1/../../../../arm-atollic-eabi/lib/armv7e-m/fpu\libc_nano.a(lib_a-printf.o)
                0x08004584                iprintf
                0x08004584                printf
 .text._puts_r  0x080045b4       0xb8 c:/program files (x86)/atollic/truestudio for stm32 9.3.0/armtools/bin/../lib/gcc/arm-atollic-eabi/6.3.1/../../../../arm-atollic-eabi/lib/armv7e-m/fpu\libc_nano.a(lib_a-puts.o)
                0x080045b4                _puts_r
 .text.puts     0x0800466c       0x10 c:/program files (x86)/atollic/truestudio for stm32 9.3.0/armtools/bin/../lib/gcc/arm-atollic-eabi/6.3.1/../../../../arm-atollic-eabi/lib/armv7e-m/fpu\libc_nano.a(lib_a-puts.o)
                0x0800466c                puts
 .text._sbrk_r  0x0800467c       0x20 c:/program files (x86)/atollic/truestudio for stm32 9.3.0/armtools/bin/../lib/gcc/arm-atollic-eabi/6.3.1/../../../../arm-atollic-eabi/lib/armv7e-m/fpu\libc_nano.a(lib_a-sbrkr.o)
                0x0800467c                _sbrk_r
 .text.setvbuf  0x0800469c      0x15c c:/program files (x86)/atollic/truestudio for stm32 9.3.0/armtools/bin/../lib/gcc/arm-atollic-eabi/6.3.1/../../../../arm-atollic-eabi/lib/armv7e-m/fpu\libc_nano.a(lib_a-setvbuf.o)
                0x0800469c                setvbuf
 .text.sprintf  0x080047f8       0x48 c:/program files (x86)/atollic/truestudio for stm32 9.3.0/armtools/bin/../lib/gcc/arm-atollic-eabi/6.3.1/../../../../arm-atollic-eabi/lib/armv7e-m/fpu\libc_nano.a(lib_a-sprintf.o)
                0x080047f8                siprintf
                0x080047f8                sprintf
 .text.__sread  0x08004840       0x22 c:/program files (x86)/atollic/truestudio for stm32 9.3.0/armtools/bin/../lib/gcc/arm-atollic-eabi/6.3.1/../../../../arm-atollic-eabi/lib/armv7e-m/fpu\libc_nano.a(lib_a-stdio.o)
                0x08004840                __sread
 .text.__swrite
                0x08004862       0x38 c:/program files (x86)/atollic/truestudio for stm32 9.3.0/armtools/bin/../lib/gcc/arm-atollic-eabi/6.3.1/../../../../arm-atollic-eabi/lib/armv7e-m/fpu\libc_nano.a(lib_a-stdio.o)
                0x08004862                __swrite
 .text.__sseek  0x0800489a       0x24 c:/program files (x86)/atollic/truestudio for stm32 9.3.0/armtools/bin/../lib/gcc/arm-atollic-eabi/6.3.1/../../../../arm-atollic-eabi/lib/armv7e-m/fpu\libc_nano.a(lib_a-stdio.o)
                0x0800489a                __sseek
 .text.__sclose
                0x080048be        0x8 c:/program files (x86)/atollic/truestudio for stm32 9.3.0/armtools/bin/../lib/gcc/arm-atollic-eabi/6.3.1/../../../../arm-atollic-eabi/lib/armv7e-m/fpu\libc_nano.a(lib_a-stdio.o)
                0x080048be                __sclose
 *fill*         0x080048c6        0x2 
 .text.__swbuf_r
                0x080048c8       0xa4 c:/program files (x86)/atollic/truestudio for stm32 9.3.0/armtools/bin/../lib/gcc/arm-atollic-eabi/6.3.1/../../../../arm-atollic-eabi/lib/armv7e-m/fpu\libc_nano.a(lib_a-wbuf.o)
                0x080048c8                __swbuf_r
 .text._write_r
                0x0800496c       0x24 c:/program files (x86)/atollic/truestudio for stm32 9.3.0/armtools/bin/../lib/gcc/arm-atollic-eabi/6.3.1/../../../../arm-atollic-eabi/lib/armv7e-m/fpu\libc_nano.a(lib_a-writer.o)
                0x0800496c                _write_r
 .text.__swsetup_r
                0x08004990       0xdc c:/program files (x86)/atollic/truestudio for stm32 9.3.0/armtools/bin/../lib/gcc/arm-atollic-eabi/6.3.1/../../../../arm-atollic-eabi/lib/armv7e-m/fpu\libc_nano.a(lib_a-wsetup.o)
                0x08004990                __swsetup_r
 .text._close_r
                0x08004a6c       0x20 c:/program files (x86)/atollic/truestudio for stm32 9.3.0/armtools/bin/../lib/gcc/arm-atollic-eabi/6.3.1/../../../../arm-atollic-eabi/lib/armv7e-m/fpu\libc_nano.a(lib_a-closer.o)
                0x08004a6c                _close_r
 .text.__sflush_r
                0x08004a8c      0x110 c:/program files (x86)/atollic/truestudio for stm32 9.3.0/armtools/bin/../lib/gcc/arm-atollic-eabi/6.3.1/../../../../arm-atollic-eabi/lib/armv7e-m/fpu\libc_nano.a(lib_a-fflush.o)
                0x08004a8c                __sflush_r
 .text._fflush_r
                0x08004b9c       0x54 c:/program files (x86)/atollic/truestudio for stm32 9.3.0/armtools/bin/../lib/gcc/arm-atollic-eabi/6.3.1/../../../../arm-atollic-eabi/lib/armv7e-m/fpu\libc_nano.a(lib_a-fflush.o)
                0x08004b9c                _fflush_r
 .text._cleanup_r
                0x08004bf0        0xc c:/program files (x86)/atollic/truestudio for stm32 9.3.0/armtools/bin/../lib/gcc/arm-atollic-eabi/6.3.1/../../../../arm-atollic-eabi/lib/armv7e-m/fpu\libc_nano.a(lib_a-findfp.o)
                0x08004bf0                _cleanup_r
 .text.std.isra.0
                0x08004bfc       0x48 c:/program files (x86)/atollic/truestudio for stm32 9.3.0/armtools/bin/../lib/gcc/arm-atollic-eabi/6.3.1/../../../../arm-atollic-eabi/lib/armv7e-m/fpu\libc_nano.a(lib_a-findfp.o)
 .text.__sfmoreglue
                0x08004c44       0x2c c:/program files (x86)/atollic/truestudio for stm32 9.3.0/armtools/bin/../lib/gcc/arm-atollic-eabi/6.3.1/../../../../arm-atollic-eabi/lib/armv7e-m/fpu\libc_nano.a(lib_a-findfp.o)
                0x08004c44                __sfmoreglue
 .text.__sinit  0x08004c70       0x60 c:/program files (x86)/atollic/truestudio for stm32 9.3.0/armtools/bin/../lib/gcc/arm-atollic-eabi/6.3.1/../../../../arm-atollic-eabi/lib/armv7e-m/fpu\libc_nano.a(lib_a-findfp.o)
                0x08004c70                __sinit
 .text.__sfp    0x08004cd0       0x78 c:/program files (x86)/atollic/truestudio for stm32 9.3.0/armtools/bin/../lib/gcc/arm-atollic-eabi/6.3.1/../../../../arm-atollic-eabi/lib/armv7e-m/fpu\libc_nano.a(lib_a-findfp.o)
                0x08004cd0                __sfp
 .text._fwalk_reent
                0x08004d48       0x3c c:/program files (x86)/atollic/truestudio for stm32 9.3.0/armtools/bin/../lib/gcc/arm-atollic-eabi/6.3.1/../../../../arm-atollic-eabi/lib/armv7e-m/fpu\libc_nano.a(lib_a-fwalk.o)
                0x08004d48                _fwalk_reent
 .text._lseek_r
                0x08004d84       0x24 c:/program files (x86)/atollic/truestudio for stm32 9.3.0/armtools/bin/../lib/gcc/arm-atollic-eabi/6.3.1/../../../../arm-atollic-eabi/lib/armv7e-m/fpu\libc_nano.a(lib_a-lseekr.o)
                0x08004d84                _lseek_r
 .text.__swhatbuf_r
                0x08004da8       0x48 c:/program files (x86)/atollic/truestudio for stm32 9.3.0/armtools/bin/../lib/gcc/arm-atollic-eabi/6.3.1/../../../../arm-atollic-eabi/lib/armv7e-m/fpu\libc_nano.a(lib_a-makebuf.o)
                0x08004da8                __swhatbuf_r
 .text.__smakebuf_r
                0x08004df0       0x80 c:/program files (x86)/atollic/truestudio for stm32 9.3.0/armtools/bin/../lib/gcc/arm-atollic-eabi/6.3.1/../../../../arm-atollic-eabi/lib/armv7e-m/fpu\libc_nano.a(lib_a-makebuf.o)
                0x08004df0                __smakebuf_r
 .text.__malloc_lock
                0x08004e70        0x2 c:/program files (x86)/atollic/truestudio for stm32 9.3.0/armtools/bin/../lib/gcc/arm-atollic-eabi/6.3.1/../../../../arm-atollic-eabi/lib/armv7e-m/fpu\libc_nano.a(lib_a-mlock.o)
                0x08004e70                __malloc_lock
 .text.__malloc_unlock
                0x08004e72        0x2 c:/program files (x86)/atollic/truestudio for stm32 9.3.0/armtools/bin/../lib/gcc/arm-atollic-eabi/6.3.1/../../../../arm-atollic-eabi/lib/armv7e-m/fpu\libc_nano.a(lib_a-mlock.o)
                0x08004e72                __malloc_unlock
 .text.__ssputs_r
                0x08004e74       0xb6 c:/program files (x86)/atollic/truestudio for stm32 9.3.0/armtools/bin/../lib/gcc/arm-atollic-eabi/6.3.1/../../../../arm-atollic-eabi/lib/armv7e-m/fpu\libc_nano.a(lib_a-nano-svfprintf.o)
                0x08004e74                __ssputs_r
 *fill*         0x08004f2a        0x2 
 .text._svfprintf_r
                0x08004f2c      0x1e8 c:/program files (x86)/atollic/truestudio for stm32 9.3.0/armtools/bin/../lib/gcc/arm-atollic-eabi/6.3.1/../../../../arm-atollic-eabi/lib/armv7e-m/fpu\libc_nano.a(lib_a-nano-svfprintf.o)
                0x08004f2c                _svfiprintf_r
                0x08004f2c                _svfprintf_r
 .text.__sfputc_r
                0x08005114       0x30 c:/program files (x86)/atollic/truestudio for stm32 9.3.0/armtools/bin/../lib/gcc/arm-atollic-eabi/6.3.1/../../../../arm-atollic-eabi/lib/armv7e-m/fpu\libc_nano.a(lib_a-nano-vfprintf.o)
 .text.__sfputs_r
                0x08005144       0x24 c:/program files (x86)/atollic/truestudio for stm32 9.3.0/armtools/bin/../lib/gcc/arm-atollic-eabi/6.3.1/../../../../arm-atollic-eabi/lib/armv7e-m/fpu\libc_nano.a(lib_a-nano-vfprintf.o)
                0x08005144                __sfputs_r
 .text._vfprintf_r
                0x08005168      0x22c c:/program files (x86)/atollic/truestudio for stm32 9.3.0/armtools/bin/../lib/gcc/arm-atollic-eabi/6.3.1/../../../../arm-atollic-eabi/lib/armv7e-m/fpu\libc_nano.a(lib_a-nano-vfprintf.o)
                0x08005168                _vfprintf_r
                0x08005168                _vfiprintf_r
 .text._printf_common
                0x08005394       0xec c:/program files (x86)/atollic/truestudio for stm32 9.3.0/armtools/bin/../lib/gcc/arm-atollic-eabi/6.3.1/../../../../arm-atollic-eabi/lib/armv7e-m/fpu\libc_nano.a(lib_a-nano-vfprintf_i.o)
                0x08005394                _printf_common
 .text._printf_i
                0x08005480      0x240 c:/program files (x86)/atollic/truestudio for stm32 9.3.0/armtools/bin/../lib/gcc/arm-atollic-eabi/6.3.1/../../../../arm-atollic-eabi/lib/armv7e-m/fpu\libc_nano.a(lib_a-nano-vfprintf_i.o)
                0x08005480                _printf_i
 .text._read_r  0x080056c0       0x24 c:/program files (x86)/atollic/truestudio for stm32 9.3.0/armtools/bin/../lib/gcc/arm-atollic-eabi/6.3.1/../../../../arm-atollic-eabi/lib/armv7e-m/fpu\libc_nano.a(lib_a-readr.o)
                0x080056c0                _read_r
 .text._fstat_r
                0x080056e4       0x24 c:/program files (x86)/atollic/truestudio for stm32 9.3.0/armtools/bin/../lib/gcc/arm-atollic-eabi/6.3.1/../../../../arm-atollic-eabi/lib/armv7e-m/fpu\libc_nano.a(lib_a-fstatr.o)
                0x080056e4                _fstat_r
 .text._isatty_r
                0x08005708       0x20 c:/program files (x86)/atollic/truestudio for stm32 9.3.0/armtools/bin/../lib/gcc/arm-atollic-eabi/6.3.1/../../../../arm-atollic-eabi/lib/armv7e-m/fpu\libc_nano.a(lib_a-isattyr.o)
                0x08005708                _isatty_r
 .text.memmove  0x08005728       0x34 c:/program files (x86)/atollic/truestudio for stm32 9.3.0/armtools/bin/../lib/gcc/arm-atollic-eabi/6.3.1/../../../../arm-atollic-eabi/lib/armv7e-m/fpu\libc_nano.a(lib_a-memmove.o)
                0x08005728                memmove
 .text._realloc_r
                0x0800575c       0x4c c:/program files (x86)/atollic/truestudio for stm32 9.3.0/armtools/bin/../lib/gcc/arm-atollic-eabi/6.3.1/../../../../arm-atollic-eabi/lib/armv7e-m/fpu\libc_nano.a(lib_a-nano-reallocr.o)
                0x0800575c                _realloc_r
 .text._malloc_usable_size_r
                0x080057a8       0x12 c:/program files (x86)/atollic/truestudio for stm32 9.3.0/armtools/bin/../lib/gcc/arm-atollic-eabi/6.3.1/../../../../arm-atollic-eabi/lib/armv7e-m/fpu\libc_nano.a(lib_a-nano-msizer.o)
                0x080057a8                _malloc_usable_size_r
 *fill*         0x080057ba        0x2 
 .text._sbrk    0x080057bc       0x1c c:/program files (x86)/atollic/truestudio for stm32 9.3.0/armtools/bin/../lib/gcc/arm-atollic-eabi/6.3.1/../../../../arm-atollic-eabi/lib/armv7e-m/fpu\libnosys.a(sbrk.o)
                0x080057bc                _sbrk
 *(.glue_7)
 .glue_7        0x080057d8        0x0 linker stubs
 *(.glue_7t)
 .glue_7t       0x080057d8        0x0 linker stubs
 *(.eh_frame)
 .eh_frame      0x080057d8        0x0 c:/program files (x86)/atollic/truestudio for stm32 9.3.0/armtools/bin/../lib/gcc/arm-atollic-eabi/6.3.1/armv7e-m/fpu/crtbegin.o
 *(.init)
 .init          0x080057d8        0x4 c:/program files (x86)/atollic/truestudio for stm32 9.3.0/armtools/bin/../lib/gcc/arm-atollic-eabi/6.3.1/armv7e-m/fpu/crti.o
                0x080057d8                _init
 .init          0x080057dc        0x8 c:/program files (x86)/atollic/truestudio for stm32 9.3.0/armtools/bin/../lib/gcc/arm-atollic-eabi/6.3.1/armv7e-m/fpu/crtn.o
 *(.fini)
 .fini          0x080057e4        0x4 c:/program files (x86)/atollic/truestudio for stm32 9.3.0/armtools/bin/../lib/gcc/arm-atollic-eabi/6.3.1/armv7e-m/fpu/crti.o
                0x080057e4                _fini
 .fini          0x080057e8        0x8 c:/program files (x86)/atollic/truestudio for stm32 9.3.0/armtools/bin/../lib/gcc/arm-atollic-eabi/6.3.1/armv7e-m/fpu/crtn.o
                0x080057f0                . = ALIGN (0x4)
                0x080057f0                _etext = .

.vfp11_veneer   0x080057f0        0x0
 .vfp11_veneer  0x080057f0        0x0 linker stubs

.v4_bx          0x080057f0        0x0
 .v4_bx         0x080057f0        0x0 linker stubs

.iplt           0x080057f0        0x0
 .iplt          0x080057f0        0x0 c:/program files (x86)/atollic/truestudio for stm32 9.3.0/armtools/bin/../lib/gcc/arm-atollic-eabi/6.3.1/armv7e-m/fpu/crtbegin.o

.rodata         0x080057f0      0x27c
                0x080057f0                . = ALIGN (0x4)
 *(.rodata)
 .rodata        0x080057f0      0x1cb Core\Src\main.o
 *(.rodata*)
 *fill*         0x080059bb        0x1 
 .rodata.AHBPrescTable
                0x080059bc       0x10 Core\Src\system_stm32f4xx.o
                0x080059bc                AHBPrescTable
 .rodata.APBPrescTable
                0x080059cc        0x8 Core\Src\system_stm32f4xx.o
                0x080059cc                APBPrescTable
 .rodata._global_impure_ptr
                0x080059d4        0x4 c:/program files (x86)/atollic/truestudio for stm32 9.3.0/armtools/bin/../lib/gcc/arm-atollic-eabi/6.3.1/../../../../arm-atollic-eabi/lib/armv7e-m/fpu\libc_nano.a(lib_a-impure.o)
                0x080059d4                _global_impure_ptr
 .rodata.__sf_fake_stderr
                0x080059d8       0x20 c:/program files (x86)/atollic/truestudio for stm32 9.3.0/armtools/bin/../lib/gcc/arm-atollic-eabi/6.3.1/../../../../arm-atollic-eabi/lib/armv7e-m/fpu\libc_nano.a(lib_a-findfp.o)
                0x080059d8                __sf_fake_stderr
 .rodata.__sf_fake_stdin
                0x080059f8       0x20 c:/program files (x86)/atollic/truestudio for stm32 9.3.0/armtools/bin/../lib/gcc/arm-atollic-eabi/6.3.1/../../../../arm-atollic-eabi/lib/armv7e-m/fpu\libc_nano.a(lib_a-findfp.o)
                0x080059f8                __sf_fake_stdin
 .rodata.__sf_fake_stdout
                0x08005a18       0x20 c:/program files (x86)/atollic/truestudio for stm32 9.3.0/armtools/bin/../lib/gcc/arm-atollic-eabi/6.3.1/../../../../arm-atollic-eabi/lib/armv7e-m/fpu\libc_nano.a(lib_a-findfp.o)
                0x08005a18                __sf_fake_stdout
 .rodata._svfprintf_r.str1.1
                0x08005a38       0x11 c:/program files (x86)/atollic/truestudio for stm32 9.3.0/armtools/bin/../lib/gcc/arm-atollic-eabi/6.3.1/../../../../arm-atollic-eabi/lib/armv7e-m/fpu\libc_nano.a(lib_a-nano-svfprintf.o)
 .rodata._vfprintf_r.str1.1
                0x08005a49       0x11 c:/program files (x86)/atollic/truestudio for stm32 9.3.0/armtools/bin/../lib/gcc/arm-atollic-eabi/6.3.1/../../../../arm-atollic-eabi/lib/armv7e-m/fpu\libc_nano.a(lib_a-nano-vfprintf.o)
 .rodata._printf_i.str1.1
                0x08005a49       0x22 c:/program files (x86)/atollic/truestudio for stm32 9.3.0/armtools/bin/../lib/gcc/arm-atollic-eabi/6.3.1/../../../../arm-atollic-eabi/lib/armv7e-m/fpu\libc_nano.a(lib_a-nano-vfprintf_i.o)
                0x08005a6c                . = ALIGN (0x4)
 *fill*         0x08005a6b        0x1 

.ARM.extab
 *(.ARM.extab* .gnu.linkonce.armextab.*)

.ARM            0x08005a6c        0x8
                0x08005a6c                __exidx_start = .
 *(.ARM.exidx*)
 .ARM.exidx     0x08005a6c        0x8 c:/program files (x86)/atollic/truestudio for stm32 9.3.0/armtools/bin/../lib/gcc/arm-atollic-eabi/6.3.1/armv7e-m/fpu\libgcc.a(_udivmoddi4.o)
                0x08005a74                __exidx_end = .

.rel.dyn        0x08005a74        0x0
 .rel.iplt      0x08005a74        0x0 c:/program files (x86)/atollic/truestudio for stm32 9.3.0/armtools/bin/../lib/gcc/arm-atollic-eabi/6.3.1/armv7e-m/fpu/crtbegin.o

.preinit_array  0x08005a74        0x0
                0x08005a74                PROVIDE (__preinit_array_start, .)
 *(.preinit_array*)
                0x08005a74                PROVIDE (__preinit_array_end, .)

.init_array     0x08005a74        0x4
                0x08005a74                PROVIDE (__init_array_start, .)
 *(SORT(.init_array.*))
 *(.init_array*)
 .init_array    0x08005a74        0x4 c:/program files (x86)/atollic/truestudio for stm32 9.3.0/armtools/bin/../lib/gcc/arm-atollic-eabi/6.3.1/armv7e-m/fpu/crtbegin.o
                0x08005a78                PROVIDE (__init_array_end, .)

.fini_array     0x08005a78        0x4
                [!provide]                PROVIDE (__fini_array_start, .)
 *(SORT(.fini_array.*))
 *(.fini_array*)
 .fini_array    0x08005a78        0x4 c:/program files (x86)/atollic/truestudio for stm32 9.3.0/armtools/bin/../lib/gcc/arm-atollic-eabi/6.3.1/armv7e-m/fpu/crtbegin.o
                [!provide]                PROVIDE (__fini_array_end, .)
                0x08005a7c                _sidata = LOADADDR (.data)

.data           0x20000000       0xb4 load address 0x08005a7c
                0x20000000                . = ALIGN (0x4)
                0x20000000                _sdata = .
 *(.data)
 *(.data*)
 .data.gWIZNETINFO
                0x20000000       0x17 Core\Src\main.o
                0x20000000                gWIZNETINFO
 *fill*         0x20000017        0x1 
 .data.SystemCoreClock
                0x20000018        0x4 Core\Src\system_stm32f4xx.o
                0x20000018                SystemCoreClock
 .data.uwTickPrio
                0x2000001c        0x4 Drivers\STM32F4xx_HAL_Driver\Src\stm32f4xx_hal.o
                0x2000001c                uwTickPrio
 .data.uwTickFreq
                0x20000020        0x1 Drivers\STM32F4xx_HAL_Driver\Src\stm32f4xx_hal.o
                0x20000020                uwTickFreq
 *fill*         0x20000021        0x1 
 .data.sock_any_port
                0x20000022        0x2 Drivers\ioLibrary_Driver\Ethernet\socket.o
 .data.WIZCHIP  0x20000024       0x2c Drivers\ioLibrary_Driver\Ethernet\wizchip_conf.o
                0x20000024                WIZCHIP
 .data._impure_ptr
                0x20000050        0x4 c:/program files (x86)/atollic/truestudio for stm32 9.3.0/armtools/bin/../lib/gcc/arm-atollic-eabi/6.3.1/../../../../arm-atollic-eabi/lib/armv7e-m/fpu\libc_nano.a(lib_a-impure.o)
                0x20000050                _impure_ptr
 .data.impure_data
                0x20000054       0x60 c:/program files (x86)/atollic/truestudio for stm32 9.3.0/armtools/bin/../lib/gcc/arm-atollic-eabi/6.3.1/../../../../arm-atollic-eabi/lib/armv7e-m/fpu\libc_nano.a(lib_a-impure.o)
                0x200000b4                . = ALIGN (0x4)
                0x200000b4                _edata = .

.igot.plt       0x200000b4        0x0 load address 0x08005b30
 .igot.plt      0x200000b4        0x0 c:/program files (x86)/atollic/truestudio for stm32 9.3.0/armtools/bin/../lib/gcc/arm-atollic-eabi/6.3.1/armv7e-m/fpu/crtbegin.o
                0x200000b4                . = ALIGN (0x4)

.bss            0x200000b4      0x974 load address 0x08005b30
                0x200000b4                _sbss = .
                0x200000b4                __bss_start__ = _sbss
 *(.bss)
 .bss           0x200000b4       0x1c c:/program files (x86)/atollic/truestudio for stm32 9.3.0/armtools/bin/../lib/gcc/arm-atollic-eabi/6.3.1/armv7e-m/fpu/crtbegin.o
 *(.bss*)
 .bss.sock_io_mode
                0x200000d0        0x2 Drivers\ioLibrary_Driver\Ethernet\socket.o
 .bss.sock_is_sending
                0x200000d2        0x2 Drivers\ioLibrary_Driver\Ethernet\socket.o
 .bss.sock_remained_size
                0x200000d4       0x10 Drivers\ioLibrary_Driver\Ethernet\socket.o
 .bss.sock_pack_info
                0x200000e4        0x8 Drivers\ioLibrary_Driver\Ethernet\socket.o
                0x200000e4                sock_pack_info
 .bss._DNS_     0x200000ec        0x4 Drivers\ioLibrary_Driver\Ethernet\wizchip_conf.o
 .bss._DHCP_    0x200000f0        0x1 Drivers\ioLibrary_Driver\Ethernet\wizchip_conf.o
 *fill*         0x200000f1        0x3 
 .bss.__malloc_free_list
                0x200000f4        0x4 c:/program files (x86)/atollic/truestudio for stm32 9.3.0/armtools/bin/../lib/gcc/arm-atollic-eabi/6.3.1/../../../../arm-atollic-eabi/lib/armv7e-m/fpu\libc_nano.a(lib_a-nano-mallocr.o)
                0x200000f4                __malloc_free_list
 .bss.__malloc_sbrk_start
                0x200000f8        0x4 c:/program files (x86)/atollic/truestudio for stm32 9.3.0/armtools/bin/../lib/gcc/arm-atollic-eabi/6.3.1/../../../../arm-atollic-eabi/lib/armv7e-m/fpu\libc_nano.a(lib_a-nano-mallocr.o)
                0x200000f8                __malloc_sbrk_start
 .bss.heap_end.5239
                0x200000fc        0x4 c:/program files (x86)/atollic/truestudio for stm32 9.3.0/armtools/bin/../lib/gcc/arm-atollic-eabi/6.3.1/../../../../arm-atollic-eabi/lib/armv7e-m/fpu\libnosys.a(sbrk.o)
 *(COMMON)
 COMMON         0x20000100      0x91c Core\Src\main.o
                0x20000100                Message
                0x20000180                gDATABUF
                0x20000980                reqnr
                0x20000981                stat1
                0x20000984                hspi1
                0x200009dc                huart2
 COMMON         0x20000a1c        0x4 Core\Src\retarget.o
                0x20000a1c                gHuart
 COMMON         0x20000a20        0x4 Drivers\STM32F4xx_HAL_Driver\Src\stm32f4xx_hal.o
                0x20000a20                uwTick
 COMMON         0x20000a24        0x4 c:/program files (x86)/atollic/truestudio for stm32 9.3.0/armtools/bin/../lib/gcc/arm-atollic-eabi/6.3.1/../../../../arm-atollic-eabi/lib/armv7e-m/fpu\libc_nano.a(lib_a-reent.o)
                0x20000a24                errno
                0x20000a28                . = ALIGN (0x4)
                0x20000a28                _ebss = .
                0x20000a28                __bss_end__ = _ebss

._user_heap_stack
                0x20000a28      0x600 load address 0x08005b30
                0x20000a28                . = ALIGN (0x4)
                0x20000a28                PROVIDE (end, .)
                [!provide]                PROVIDE (_end, .)
                0x20000c28                . = (. + _Min_Heap_Size)
 *fill*         0x20000a28      0x200 
                0x20001028                . = (. + _Min_Stack_Size)
 *fill*         0x20000c28      0x400 
                0x20001028                . = ALIGN (0x4)

/DISCARD/
 libc.a(*)
 libm.a(*)
 libgcc.a(*)

.ARM.attributes
                0x00000000       0x30
 *(.ARM.attributes)
 .ARM.attributes
                0x00000000       0x22 c:/program files (x86)/atollic/truestudio for stm32 9.3.0/armtools/bin/../lib/gcc/arm-atollic-eabi/6.3.1/armv7e-m/fpu/crti.o
 .ARM.attributes
                0x00000022       0x34 c:/program files (x86)/atollic/truestudio for stm32 9.3.0/armtools/bin/../lib/gcc/arm-atollic-eabi/6.3.1/armv7e-m/fpu/crtbegin.o
 .ARM.attributes
                0x00000056       0x39 Core\Src\main.o
 .ARM.attributes
                0x0000008f       0x39 Core\Src\retarget.o
 .ARM.attributes
                0x000000c8       0x39 Core\Src\stm32f4xx_hal_msp.o
 .ARM.attributes
                0x00000101       0x39 Core\Src\stm32f4xx_it.o
 .ARM.attributes
                0x0000013a       0x39 Core\Src\system_stm32f4xx.o
 .ARM.attributes
                0x00000173       0x39 Drivers\STM32F4xx_HAL_Driver\Src\stm32f4xx_hal.o
 .ARM.attributes
                0x000001ac       0x39 Drivers\STM32F4xx_HAL_Driver\Src\stm32f4xx_hal_cortex.o
 .ARM.attributes
                0x000001e5       0x39 Drivers\STM32F4xx_HAL_Driver\Src\stm32f4xx_hal_gpio.o
 .ARM.attributes
                0x0000021e       0x39 Drivers\STM32F4xx_HAL_Driver\Src\stm32f4xx_hal_rcc.o
 .ARM.attributes
                0x00000257       0x39 Drivers\STM32F4xx_HAL_Driver\Src\stm32f4xx_hal_spi.o
 .ARM.attributes
                0x00000290       0x39 Drivers\STM32F4xx_HAL_Driver\Src\stm32f4xx_hal_uart.o
 .ARM.attributes
                0x000002c9       0x39 Drivers\ioLibrary_Driver\Ethernet\W5500\w5500.o
 .ARM.attributes
                0x00000302       0x39 Drivers\ioLibrary_Driver\Ethernet\socket.o
 .ARM.attributes
                0x0000033b       0x39 Drivers\ioLibrary_Driver\Ethernet\wizchip_conf.o
 .ARM.attributes
                0x00000374       0x21 startup\startup_stm32f411xe.o
 .ARM.attributes
                0x00000395       0x34 c:/program files (x86)/atollic/truestudio for stm32 9.3.0/armtools/bin/../lib/gcc/arm-atollic-eabi/6.3.1/../../../../arm-atollic-eabi/lib/armv7e-m/fpu\libc_nano.a(lib_a-errno.o)
 .ARM.attributes
                0x000003c9       0x34 c:/program files (x86)/atollic/truestudio for stm32 9.3.0/armtools/bin/../lib/gcc/arm-atollic-eabi/6.3.1/../../../../arm-atollic-eabi/lib/armv7e-m/fpu\libc_nano.a(lib_a-impure.o)
 .ARM.attributes
                0x000003fd       0x34 c:/program files (x86)/atollic/truestudio for stm32 9.3.0/armtools/bin/../lib/gcc/arm-atollic-eabi/6.3.1/../../../../arm-atollic-eabi/lib/armv7e-m/fpu\libc_nano.a(lib_a-init.o)
 .ARM.attributes
                0x00000431       0x34 c:/program files (x86)/atollic/truestudio for stm32 9.3.0/armtools/bin/../lib/gcc/arm-atollic-eabi/6.3.1/../../../../arm-atollic-eabi/lib/armv7e-m/fpu\libc_nano.a(lib_a-malloc.o)
 .ARM.attributes
                0x00000465       0x34 c:/program files (x86)/atollic/truestudio for stm32 9.3.0/armtools/bin/../lib/gcc/arm-atollic-eabi/6.3.1/../../../../arm-atollic-eabi/lib/armv7e-m/fpu\libc_nano.a(lib_a-memcpy-stub.o)
 .ARM.attributes
                0x00000499       0x34 c:/program files (x86)/atollic/truestudio for stm32 9.3.0/armtools/bin/../lib/gcc/arm-atollic-eabi/6.3.1/../../../../arm-atollic-eabi/lib/armv7e-m/fpu\libc_nano.a(lib_a-memset.o)
 .ARM.attributes
                0x000004cd       0x34 c:/program files (x86)/atollic/truestudio for stm32 9.3.0/armtools/bin/../lib/gcc/arm-atollic-eabi/6.3.1/../../../../arm-atollic-eabi/lib/armv7e-m/fpu\libc_nano.a(lib_a-nano-freer.o)
 .ARM.attributes
                0x00000501       0x34 c:/program files (x86)/atollic/truestudio for stm32 9.3.0/armtools/bin/../lib/gcc/arm-atollic-eabi/6.3.1/../../../../arm-atollic-eabi/lib/armv7e-m/fpu\libc_nano.a(lib_a-nano-mallocr.o)
 .ARM.attributes
                0x00000535       0x34 c:/program files (x86)/atollic/truestudio for stm32 9.3.0/armtools/bin/../lib/gcc/arm-atollic-eabi/6.3.1/../../../../arm-atollic-eabi/lib/armv7e-m/fpu\libc_nano.a(lib_a-printf.o)
 .ARM.attributes
                0x00000569       0x34 c:/program files (x86)/atollic/truestudio for stm32 9.3.0/armtools/bin/../lib/gcc/arm-atollic-eabi/6.3.1/../../../../arm-atollic-eabi/lib/armv7e-m/fpu\libc_nano.a(lib_a-puts.o)
 .ARM.attributes
                0x0000059d       0x34 c:/program files (x86)/atollic/truestudio for stm32 9.3.0/armtools/bin/../lib/gcc/arm-atollic-eabi/6.3.1/../../../../arm-atollic-eabi/lib/armv7e-m/fpu\libc_nano.a(lib_a-sbrkr.o)
 .ARM.attributes
                0x000005d1       0x34 c:/program files (x86)/atollic/truestudio for stm32 9.3.0/armtools/bin/../lib/gcc/arm-atollic-eabi/6.3.1/../../../../arm-atollic-eabi/lib/armv7e-m/fpu\libc_nano.a(lib_a-setvbuf.o)
 .ARM.attributes
                0x00000605       0x34 c:/program files (x86)/atollic/truestudio for stm32 9.3.0/armtools/bin/../lib/gcc/arm-atollic-eabi/6.3.1/../../../../arm-atollic-eabi/lib/armv7e-m/fpu\libc_nano.a(lib_a-sprintf.o)
 .ARM.attributes
                0x00000639       0x34 c:/program files (x86)/atollic/truestudio for stm32 9.3.0/armtools/bin/../lib/gcc/arm-atollic-eabi/6.3.1/../../../../arm-atollic-eabi/lib/armv7e-m/fpu\libc_nano.a(lib_a-stdio.o)
 .ARM.attributes
                0x0000066d       0x1b c:/program files (x86)/atollic/truestudio for stm32 9.3.0/armtools/bin/../lib/gcc/arm-atollic-eabi/6.3.1/../../../../arm-atollic-eabi/lib/armv7e-m/fpu\libc_nano.a(lib_a-strlen.o)
 .ARM.attributes
                0x00000688       0x34 c:/program files (x86)/atollic/truestudio for stm32 9.3.0/armtools/bin/../lib/gcc/arm-atollic-eabi/6.3.1/../../../../arm-atollic-eabi/lib/armv7e-m/fpu\libc_nano.a(lib_a-wbuf.o)
 .ARM.attributes
                0x000006bc       0x34 c:/program files (x86)/atollic/truestudio for stm32 9.3.0/armtools/bin/../lib/gcc/arm-atollic-eabi/6.3.1/../../../../arm-atollic-eabi/lib/armv7e-m/fpu\libc_nano.a(lib_a-writer.o)
 .ARM.attributes
                0x000006f0       0x34 c:/program files (x86)/atollic/truestudio for stm32 9.3.0/armtools/bin/../lib/gcc/arm-atollic-eabi/6.3.1/../../../../arm-atollic-eabi/lib/armv7e-m/fpu\libc_nano.a(lib_a-wsetup.o)
 .ARM.attributes
                0x00000724       0x34 c:/program files (x86)/atollic/truestudio for stm32 9.3.0/armtools/bin/../lib/gcc/arm-atollic-eabi/6.3.1/../../../../arm-atollic-eabi/lib/armv7e-m/fpu\libc_nano.a(lib_a-closer.o)
 .ARM.attributes
                0x00000758       0x34 c:/program files (x86)/atollic/truestudio for stm32 9.3.0/armtools/bin/../lib/gcc/arm-atollic-eabi/6.3.1/../../../../arm-atollic-eabi/lib/armv7e-m/fpu\libc_nano.a(lib_a-fflush.o)
 .ARM.attributes
                0x0000078c       0x34 c:/program files (x86)/atollic/truestudio for stm32 9.3.0/armtools/bin/../lib/gcc/arm-atollic-eabi/6.3.1/../../../../arm-atollic-eabi/lib/armv7e-m/fpu\libc_nano.a(lib_a-findfp.o)
 .ARM.attributes
                0x000007c0       0x34 c:/program files (x86)/atollic/truestudio for stm32 9.3.0/armtools/bin/../lib/gcc/arm-atollic-eabi/6.3.1/../../../../arm-atollic-eabi/lib/armv7e-m/fpu\libc_nano.a(lib_a-fwalk.o)
 .ARM.attributes
                0x000007f4       0x34 c:/program files (x86)/atollic/truestudio for stm32 9.3.0/armtools/bin/../lib/gcc/arm-atollic-eabi/6.3.1/../../../../arm-atollic-eabi/lib/armv7e-m/fpu\libc_nano.a(lib_a-lseekr.o)
 .ARM.attributes
                0x00000828       0x34 c:/program files (x86)/atollic/truestudio for stm32 9.3.0/armtools/bin/../lib/gcc/arm-atollic-eabi/6.3.1/../../../../arm-atollic-eabi/lib/armv7e-m/fpu\libc_nano.a(lib_a-makebuf.o)
 .ARM.attributes
                0x0000085c       0x34 c:/program files (x86)/atollic/truestudio for stm32 9.3.0/armtools/bin/../lib/gcc/arm-atollic-eabi/6.3.1/../../../../arm-atollic-eabi/lib/armv7e-m/fpu\libc_nano.a(lib_a-mlock.o)
 .ARM.attributes
                0x00000890       0x34 c:/program files (x86)/atollic/truestudio for stm32 9.3.0/armtools/bin/../lib/gcc/arm-atollic-eabi/6.3.1/../../../../arm-atollic-eabi/lib/armv7e-m/fpu\libc_nano.a(lib_a-nano-svfprintf.o)
 .ARM.attributes
                0x000008c4       0x34 c:/program files (x86)/atollic/truestudio for stm32 9.3.0/armtools/bin/../lib/gcc/arm-atollic-eabi/6.3.1/../../../../arm-atollic-eabi/lib/armv7e-m/fpu\libc_nano.a(lib_a-nano-vfprintf.o)
 .ARM.attributes
                0x000008f8       0x34 c:/program files (x86)/atollic/truestudio for stm32 9.3.0/armtools/bin/../lib/gcc/arm-atollic-eabi/6.3.1/../../../../arm-atollic-eabi/lib/armv7e-m/fpu\libc_nano.a(lib_a-nano-vfprintf_i.o)
 .ARM.attributes
                0x0000092c       0x34 c:/program files (x86)/atollic/truestudio for stm32 9.3.0/armtools/bin/../lib/gcc/arm-atollic-eabi/6.3.1/../../../../arm-atollic-eabi/lib/armv7e-m/fpu\libc_nano.a(lib_a-readr.o)
 .ARM.attributes
                0x00000960       0x34 c:/program files (x86)/atollic/truestudio for stm32 9.3.0/armtools/bin/../lib/gcc/arm-atollic-eabi/6.3.1/../../../../arm-atollic-eabi/lib/armv7e-m/fpu\libc_nano.a(lib_a-reent.o)
 .ARM.attributes
                0x00000994       0x34 c:/program files (x86)/atollic/truestudio for stm32 9.3.0/armtools/bin/../lib/gcc/arm-atollic-eabi/6.3.1/../../../../arm-atollic-eabi/lib/armv7e-m/fpu\libc_nano.a(lib_a-fstatr.o)
 .ARM.attributes
                0x000009c8       0x34 c:/program files (x86)/atollic/truestudio for stm32 9.3.0/armtools/bin/../lib/gcc/arm-atollic-eabi/6.3.1/../../../../arm-atollic-eabi/lib/armv7e-m/fpu\libc_nano.a(lib_a-isattyr.o)
 .ARM.attributes
                0x000009fc       0x20 c:/program files (x86)/atollic/truestudio for stm32 9.3.0/armtools/bin/../lib/gcc/arm-atollic-eabi/6.3.1/../../../../arm-atollic-eabi/lib/armv7e-m/fpu\libc_nano.a(lib_a-memchr.o)
 .ARM.attributes
                0x00000a1c       0x34 c:/program files (x86)/atollic/truestudio for stm32 9.3.0/armtools/bin/../lib/gcc/arm-atollic-eabi/6.3.1/../../../../arm-atollic-eabi/lib/armv7e-m/fpu\libc_nano.a(lib_a-memmove.o)
 .ARM.attributes
                0x00000a50       0x34 c:/program files (x86)/atollic/truestudio for stm32 9.3.0/armtools/bin/../lib/gcc/arm-atollic-eabi/6.3.1/../../../../arm-atollic-eabi/lib/armv7e-m/fpu\libc_nano.a(lib_a-nano-reallocr.o)
 .ARM.attributes
                0x00000a84       0x34 c:/program files (x86)/atollic/truestudio for stm32 9.3.0/armtools/bin/../lib/gcc/arm-atollic-eabi/6.3.1/../../../../arm-atollic-eabi/lib/armv7e-m/fpu\libc_nano.a(lib_a-nano-msizer.o)
 .ARM.attributes
                0x00000ab8       0x22 c:/program files (x86)/atollic/truestudio for stm32 9.3.0/armtools/bin/../lib/gcc/arm-atollic-eabi/6.3.1/armv7e-m/fpu\libgcc.a(_aeabi_uldivmod.o)
 .ARM.attributes
                0x00000ada       0x34 c:/program files (x86)/atollic/truestudio for stm32 9.3.0/armtools/bin/../lib/gcc/arm-atollic-eabi/6.3.1/armv7e-m/fpu\libgcc.a(_udivmoddi4.o)
 .ARM.attributes
                0x00000b0e       0x22 c:/program files (x86)/atollic/truestudio for stm32 9.3.0/armtools/bin/../lib/gcc/arm-atollic-eabi/6.3.1/armv7e-m/fpu\libgcc.a(_dvmd_tls.o)
 .ARM.attributes
                0x00000b30       0x34 c:/program files (x86)/atollic/truestudio for stm32 9.3.0/armtools/bin/../lib/gcc/arm-atollic-eabi/6.3.1/../../../../arm-atollic-eabi/lib/armv7e-m/fpu\libnosys.a(sbrk.o)
 .ARM.attributes
                0x00000b64       0x22 c:/program files (x86)/atollic/truestudio for stm32 9.3.0/armtools/bin/../lib/gcc/arm-atollic-eabi/6.3.1/armv7e-m/fpu/crtn.o
OUTPUT(W5100 and stm32.elf elf32-littlearm)

.debug_info     0x00000000     0xa9cc
 .debug_info    0x00000000     0x1a90 Core\Src\main.o
 .debug_info    0x00001a90     0x11c1 Core\Src\retarget.o
 .debug_info    0x00002c51      0xc49 Core\Src\stm32f4xx_hal_msp.o
 .debug_info    0x0000389a      0x20c Core\Src\stm32f4xx_it.o
 .debug_info    0x00003aa6      0x580 Core\Src\system_stm32f4xx.o
 .debug_info    0x00004026      0x8d4 Drivers\STM32F4xx_HAL_Driver\Src\stm32f4xx_hal.o
 .debug_info    0x000048fa      0xd98 Drivers\STM32F4xx_HAL_Driver\Src\stm32f4xx_hal_cortex.o
 .debug_info    0x00005692      0x7d6 Drivers\STM32F4xx_HAL_Driver\Src\stm32f4xx_hal_gpio.o
 .debug_info    0x00005e68      0x929 Drivers\STM32F4xx_HAL_Driver\Src\stm32f4xx_hal_rcc.o
 .debug_info    0x00006791     0x162f Drivers\STM32F4xx_HAL_Driver\Src\stm32f4xx_hal_spi.o
 .debug_info    0x00007dc0     0x1241 Drivers\STM32F4xx_HAL_Driver\Src\stm32f4xx_hal_uart.o
 .debug_info    0x00009001      0x53d Drivers\ioLibrary_Driver\Ethernet\W5500\w5500.o
 .debug_info    0x0000953e      0x801 Drivers\ioLibrary_Driver\Ethernet\socket.o
 .debug_info    0x00009d3f      0xc28 Drivers\ioLibrary_Driver\Ethernet\wizchip_conf.o
 .debug_info    0x0000a967       0x65 startup\startup_stm32f411xe.o

.debug_abbrev   0x00000000     0x1c61
 .debug_abbrev  0x00000000      0x2e0 Core\Src\main.o
 .debug_abbrev  0x000002e0      0x1fc Core\Src\retarget.o
 .debug_abbrev  0x000004dc      0x187 Core\Src\stm32f4xx_hal_msp.o
 .debug_abbrev  0x00000663       0xc1 Core\Src\stm32f4xx_it.o
 .debug_abbrev  0x00000724      0x126 Core\Src\system_stm32f4xx.o
 .debug_abbrev  0x0000084a      0x1ed Drivers\STM32F4xx_HAL_Driver\Src\stm32f4xx_hal.o
 .debug_abbrev  0x00000a37      0x2f5 Drivers\STM32F4xx_HAL_Driver\Src\stm32f4xx_hal_cortex.o
 .debug_abbrev  0x00000d2c      0x1c4 Drivers\STM32F4xx_HAL_Driver\Src\stm32f4xx_hal_gpio.o
 .debug_abbrev  0x00000ef0      0x240 Drivers\STM32F4xx_HAL_Driver\Src\stm32f4xx_hal_rcc.o
 .debug_abbrev  0x00001130      0x23b Drivers\STM32F4xx_HAL_Driver\Src\stm32f4xx_hal_spi.o
 .debug_abbrev  0x0000136b      0x24c Drivers\STM32F4xx_HAL_Driver\Src\stm32f4xx_hal_uart.o
 .debug_abbrev  0x000015b7      0x1e2 Drivers\ioLibrary_Driver\Ethernet\W5500\w5500.o
 .debug_abbrev  0x00001799      0x219 Drivers\ioLibrary_Driver\Ethernet\socket.o
 .debug_abbrev  0x000019b2      0x29d Drivers\ioLibrary_Driver\Ethernet\wizchip_conf.o
 .debug_abbrev  0x00001c4f       0x12 startup\startup_stm32f411xe.o

.debug_aranges  0x00000000      0xa50
 .debug_aranges
                0x00000000       0x78 Core\Src\main.o
 .debug_aranges
                0x00000078       0x50 Core\Src\retarget.o
 .debug_aranges
                0x000000c8       0x40 Core\Src\stm32f4xx_hal_msp.o
 .debug_aranges
                0x00000108       0x60 Core\Src\stm32f4xx_it.o
 .debug_aranges
                0x00000168       0x28 Core\Src\system_stm32f4xx.o
 .debug_aranges
                0x00000190       0xf0 Drivers\STM32F4xx_HAL_Driver\Src\stm32f4xx_hal.o
 .debug_aranges
                0x00000280      0x118 Drivers\STM32F4xx_HAL_Driver\Src\stm32f4xx_hal_cortex.o
 .debug_aranges
                0x00000398       0x58 Drivers\STM32F4xx_HAL_Driver\Src\stm32f4xx_hal_gpio.o
 .debug_aranges
                0x000003f0       0x88 Drivers\STM32F4xx_HAL_Driver\Src\stm32f4xx_hal_rcc.o
 .debug_aranges
                0x00000478      0x1d0 Drivers\STM32F4xx_HAL_Driver\Src\stm32f4xx_hal_spi.o
 .debug_aranges
                0x00000648      0x1d0 Drivers\STM32F4xx_HAL_Driver\Src\stm32f4xx_hal_uart.o
 .debug_aranges
                0x00000818       0x60 Drivers\ioLibrary_Driver\Ethernet\W5500\w5500.o
 .debug_aranges
                0x00000878       0x78 Drivers\ioLibrary_Driver\Ethernet\socket.o
 .debug_aranges
                0x000008f0      0x138 Drivers\ioLibrary_Driver\Ethernet\wizchip_conf.o
 .debug_aranges
                0x00000a28       0x28 startup\startup_stm32f411xe.o

.debug_ranges   0x00000000      0x980
 .debug_ranges  0x00000000       0x68 Core\Src\main.o
 .debug_ranges  0x00000068       0x40 Core\Src\retarget.o
 .debug_ranges  0x000000a8       0x30 Core\Src\stm32f4xx_hal_msp.o
 .debug_ranges  0x000000d8       0x50 Core\Src\stm32f4xx_it.o
 .debug_ranges  0x00000128       0x18 Core\Src\system_stm32f4xx.o
 .debug_ranges  0x00000140       0xe0 Drivers\STM32F4xx_HAL_Driver\Src\stm32f4xx_hal.o
 .debug_ranges  0x00000220      0x108 Drivers\STM32F4xx_HAL_Driver\Src\stm32f4xx_hal_cortex.o
 .debug_ranges  0x00000328       0x48 Drivers\STM32F4xx_HAL_Driver\Src\stm32f4xx_hal_gpio.o
 .debug_ranges  0x00000370       0x78 Drivers\STM32F4xx_HAL_Driver\Src\stm32f4xx_hal_rcc.o
 .debug_ranges  0x000003e8      0x1c0 Drivers\STM32F4xx_HAL_Driver\Src\stm32f4xx_hal_spi.o
 .debug_ranges  0x000005a8      0x1c0 Drivers\STM32F4xx_HAL_Driver\Src\stm32f4xx_hal_uart.o
 .debug_ranges  0x00000768       0x50 Drivers\ioLibrary_Driver\Ethernet\W5500\w5500.o
 .debug_ranges  0x000007b8       0x80 Drivers\ioLibrary_Driver\Ethernet\socket.o
 .debug_ranges  0x00000838      0x128 Drivers\ioLibrary_Driver\Ethernet\wizchip_conf.o
 .debug_ranges  0x00000960       0x20 startup\startup_stm32f411xe.o

.debug_line     0x00000000     0x48de
 .debug_line    0x00000000      0x51d Core\Src\main.o
 .debug_line    0x0000051d      0x3ec Core\Src\retarget.o
 .debug_line    0x00000909      0x2bd Core\Src\stm32f4xx_hal_msp.o
 .debug_line    0x00000bc6      0x26f Core\Src\stm32f4xx_it.o
 .debug_line    0x00000e35      0x20f Core\Src\system_stm32f4xx.o
 .debug_line    0x00001044      0x41f Drivers\STM32F4xx_HAL_Driver\Src\stm32f4xx_hal.o
 .debug_line    0x00001463      0x553 Drivers\STM32F4xx_HAL_Driver\Src\stm32f4xx_hal_cortex.o
 .debug_line    0x000019b6      0x3da Drivers\STM32F4xx_HAL_Driver\Src\stm32f4xx_hal_gpio.o
 .debug_line    0x00001d90      0x4c0 Drivers\STM32F4xx_HAL_Driver\Src\stm32f4xx_hal_rcc.o
 .debug_line    0x00002250      0xc03 Drivers\STM32F4xx_HAL_Driver\Src\stm32f4xx_hal_spi.o
 .debug_line    0x00002e53      0xb5c Drivers\STM32F4xx_HAL_Driver\Src\stm32f4xx_hal_uart.o
 .debug_line    0x000039af      0x2bf Drivers\ioLibrary_Driver\Ethernet\W5500\w5500.o
 .debug_line    0x00003c6e      0x5f7 Drivers\ioLibrary_Driver\Ethernet\socket.o
 .debug_line    0x00004265      0x5fb Drivers\ioLibrary_Driver\Ethernet\wizchip_conf.o
 .debug_line    0x00004860       0x7e startup\startup_stm32f411xe.o

.debug_str      0x00000000     0x34a8
 .debug_str     0x00000000     0x1145 Core\Src\main.o
                               0x1292 (size before relaxing)
 .debug_str     0x00001145      0x166 Core\Src\retarget.o
                                0xc8c (size before relaxing)
 .debug_str     0x000012ab       0x77 Core\Src\stm32f4xx_hal_msp.o
                                0xa02 (size before relaxing)
 .debug_str     0x00001322       0xab Core\Src\stm32f4xx_it.o
                                0x319 (size before relaxing)
 .debug_str     0x000013cd       0xaf Core\Src\system_stm32f4xx.o
                                0x42b (size before relaxing)
 .debug_str     0x0000147c      0x649 Drivers\STM32F4xx_HAL_Driver\Src\stm32f4xx_hal.o
                                0xa20 (size before relaxing)
 .debug_str     0x00001ac5      0x499 Drivers\STM32F4xx_HAL_Driver\Src\stm32f4xx_hal_cortex.o
                                0xb92 (size before relaxing)
 .debug_str     0x00001f5e      0x158 Drivers\STM32F4xx_HAL_Driver\Src\stm32f4xx_hal_gpio.o
                                0x5c2 (size before relaxing)
 .debug_str     0x000020b6      0x1b9 Drivers\STM32F4xx_HAL_Driver\Src\stm32f4xx_hal_rcc.o
                                0x779 (size before relaxing)
 .debug_str     0x0000226f      0x526 Drivers\STM32F4xx_HAL_Driver\Src\stm32f4xx_hal_spi.o
                                0xc5d (size before relaxing)
 .debug_str     0x00002795      0x50d Drivers\STM32F4xx_HAL_Driver\Src\stm32f4xx_hal_uart.o
                                0xc7a (size before relaxing)
 .debug_str     0x00002ca2       0xe2 Drivers\ioLibrary_Driver\Ethernet\W5500\w5500.o
                                0x329 (size before relaxing)
 .debug_str     0x00002d84      0x1ec Drivers\ioLibrary_Driver\Ethernet\socket.o
                                0x4ff (size before relaxing)
 .debug_str     0x00002f70      0x538 Drivers\ioLibrary_Driver\Ethernet\wizchip_conf.o
                                0x904 (size before relaxing)

.comment        0x00000000       0x7c
 .comment       0x00000000       0x7c Core\Src\main.o
                                 0x7d (size before relaxing)
 .comment       0x0000007c       0x7d Core\Src\retarget.o
 .comment       0x0000007c       0x7d Core\Src\stm32f4xx_hal_msp.o
 .comment       0x0000007c       0x7d Core\Src\stm32f4xx_it.o
 .comment       0x0000007c       0x7d Core\Src\system_stm32f4xx.o
 .comment       0x0000007c       0x7d Drivers\STM32F4xx_HAL_Driver\Src\stm32f4xx_hal.o
 .comment       0x0000007c       0x7d Drivers\STM32F4xx_HAL_Driver\Src\stm32f4xx_hal_cortex.o
 .comment       0x0000007c       0x7d Drivers\STM32F4xx_HAL_Driver\Src\stm32f4xx_hal_gpio.o
 .comment       0x0000007c       0x7d Drivers\STM32F4xx_HAL_Driver\Src\stm32f4xx_hal_rcc.o
 .comment       0x0000007c       0x7d Drivers\STM32F4xx_HAL_Driver\Src\stm32f4xx_hal_spi.o
 .comment       0x0000007c       0x7d Drivers\STM32F4xx_HAL_Driver\Src\stm32f4xx_hal_uart.o
 .comment       0x0000007c       0x7d Drivers\ioLibrary_Driver\Ethernet\W5500\w5500.o
 .comment       0x0000007c       0x7d Drivers\ioLibrary_Driver\Ethernet\socket.o
 .comment       0x0000007c       0x7d Drivers\ioLibrary_Driver\Ethernet\wizchip_conf.o

.debug_frame    0x00000000     0x3304
 .debug_frame   0x00000000      0x1a4 Core\Src\main.o
 .debug_frame   0x000001a4      0x10c Core\Src\retarget.o
 .debug_frame   0x000002b0       0xc8 Core\Src\stm32f4xx_hal_msp.o
 .debug_frame   0x00000378      0x104 Core\Src\stm32f4xx_it.o
 .debug_frame   0x0000047c       0x58 Core\Src\system_stm32f4xx.o
 .debug_frame   0x000004d4      0x374 Drivers\STM32F4xx_HAL_Driver\Src\stm32f4xx_hal.o
 .debug_frame   0x00000848      0x498 Drivers\STM32F4xx_HAL_Driver\Src\stm32f4xx_hal_cortex.o
 .debug_frame   0x00000ce0      0x14c Drivers\STM32F4xx_HAL_Driver\Src\stm32f4xx_hal_gpio.o
 .debug_frame   0x00000e2c      0x1f8 Drivers\STM32F4xx_HAL_Driver\Src\stm32f4xx_hal_rcc.o
 .debug_frame   0x00001024      0x824 Drivers\STM32F4xx_HAL_Driver\Src\stm32f4xx_hal_spi.o
 .debug_frame   0x00001848      0x844 Drivers\STM32F4xx_HAL_Driver\Src\stm32f4xx_hal_uart.o
 .debug_frame   0x0000208c      0x16c Drivers\ioLibrary_Driver\Ethernet\W5500\w5500.o
 .debug_frame   0x000021f8      0x1d4 Drivers\ioLibrary_Driver\Ethernet\socket.o
 .debug_frame   0x000023cc      0x534 Drivers\ioLibrary_Driver\Ethernet\wizchip_conf.o
 .debug_frame   0x00002900       0x20 c:/program files (x86)/atollic/truestudio for stm32 9.3.0/armtools/bin/../lib/gcc/arm-atollic-eabi/6.3.1/../../../../arm-atollic-eabi/lib/armv7e-m/fpu\libc_nano.a(lib_a-errno.o)
 .debug_frame   0x00002920       0x2c c:/program files (x86)/atollic/truestudio for stm32 9.3.0/armtools/bin/../lib/gcc/arm-atollic-eabi/6.3.1/../../../../arm-atollic-eabi/lib/armv7e-m/fpu\libc_nano.a(lib_a-init.o)
 .debug_frame   0x0000294c       0x30 c:/program files (x86)/atollic/truestudio for stm32 9.3.0/armtools/bin/../lib/gcc/arm-atollic-eabi/6.3.1/../../../../arm-atollic-eabi/lib/armv7e-m/fpu\libc_nano.a(lib_a-malloc.o)
 .debug_frame   0x0000297c       0x28 c:/program files (x86)/atollic/truestudio for stm32 9.3.0/armtools/bin/../lib/gcc/arm-atollic-eabi/6.3.1/../../../../arm-atollic-eabi/lib/armv7e-m/fpu\libc_nano.a(lib_a-memcpy-stub.o)
 .debug_frame   0x000029a4       0x20 c:/program files (x86)/atollic/truestudio for stm32 9.3.0/armtools/bin/../lib/gcc/arm-atollic-eabi/6.3.1/../../../../arm-atollic-eabi/lib/armv7e-m/fpu\libc_nano.a(lib_a-memset.o)
 .debug_frame   0x000029c4       0x38 c:/program files (x86)/atollic/truestudio for stm32 9.3.0/armtools/bin/../lib/gcc/arm-atollic-eabi/6.3.1/../../../../arm-atollic-eabi/lib/armv7e-m/fpu\libc_nano.a(lib_a-nano-freer.o)
 .debug_frame   0x000029fc       0x2c c:/program files (x86)/atollic/truestudio for stm32 9.3.0/armtools/bin/../lib/gcc/arm-atollic-eabi/6.3.1/../../../../arm-atollic-eabi/lib/armv7e-m/fpu\libc_nano.a(lib_a-nano-mallocr.o)
 .debug_frame   0x00002a28       0x74 c:/program files (x86)/atollic/truestudio for stm32 9.3.0/armtools/bin/../lib/gcc/arm-atollic-eabi/6.3.1/../../../../arm-atollic-eabi/lib/armv7e-m/fpu\libc_nano.a(lib_a-printf.o)
 .debug_frame   0x00002a9c       0x3c c:/program files (x86)/atollic/truestudio for stm32 9.3.0/armtools/bin/../lib/gcc/arm-atollic-eabi/6.3.1/../../../../arm-atollic-eabi/lib/armv7e-m/fpu\libc_nano.a(lib_a-puts.o)
 .debug_frame   0x00002ad8       0x2c c:/program files (x86)/atollic/truestudio for stm32 9.3.0/armtools/bin/../lib/gcc/arm-atollic-eabi/6.3.1/../../../../arm-atollic-eabi/lib/armv7e-m/fpu\libc_nano.a(lib_a-sbrkr.o)
 .debug_frame   0x00002b04       0x38 c:/program files (x86)/atollic/truestudio for stm32 9.3.0/armtools/bin/../lib/gcc/arm-atollic-eabi/6.3.1/../../../../arm-atollic-eabi/lib/armv7e-m/fpu\libc_nano.a(lib_a-setvbuf.o)
 .debug_frame   0x00002b3c       0x70 c:/program files (x86)/atollic/truestudio for stm32 9.3.0/armtools/bin/../lib/gcc/arm-atollic-eabi/6.3.1/../../../../arm-atollic-eabi/lib/armv7e-m/fpu\libc_nano.a(lib_a-sprintf.o)
 .debug_frame   0x00002bac       0x88 c:/program files (x86)/atollic/truestudio for stm32 9.3.0/armtools/bin/../lib/gcc/arm-atollic-eabi/6.3.1/../../../../arm-atollic-eabi/lib/armv7e-m/fpu\libc_nano.a(lib_a-stdio.o)
 .debug_frame   0x00002c34       0x40 c:/program files (x86)/atollic/truestudio for stm32 9.3.0/armtools/bin/../lib/gcc/arm-atollic-eabi/6.3.1/../../../../arm-atollic-eabi/lib/armv7e-m/fpu\libc_nano.a(lib_a-wbuf.o)
 .debug_frame   0x00002c74       0x2c c:/program files (x86)/atollic/truestudio for stm32 9.3.0/armtools/bin/../lib/gcc/arm-atollic-eabi/6.3.1/../../../../arm-atollic-eabi/lib/armv7e-m/fpu\libc_nano.a(lib_a-writer.o)
 .debug_frame   0x00002ca0       0x2c c:/program files (x86)/atollic/truestudio for stm32 9.3.0/armtools/bin/../lib/gcc/arm-atollic-eabi/6.3.1/../../../../arm-atollic-eabi/lib/armv7e-m/fpu\libc_nano.a(lib_a-wsetup.o)
 .debug_frame   0x00002ccc       0x2c c:/program files (x86)/atollic/truestudio for stm32 9.3.0/armtools/bin/../lib/gcc/arm-atollic-eabi/6.3.1/../../../../arm-atollic-eabi/lib/armv7e-m/fpu\libc_nano.a(lib_a-closer.o)
 .debug_frame   0x00002cf8       0x68 c:/program files (x86)/atollic/truestudio for stm32 9.3.0/armtools/bin/../lib/gcc/arm-atollic-eabi/6.3.1/../../../../arm-atollic-eabi/lib/armv7e-m/fpu\libc_nano.a(lib_a-fflush.o)
 .debug_frame   0x00002d60      0x11c c:/program files (x86)/atollic/truestudio for stm32 9.3.0/armtools/bin/../lib/gcc/arm-atollic-eabi/6.3.1/../../../../arm-atollic-eabi/lib/armv7e-m/fpu\libc_nano.a(lib_a-findfp.o)
 .debug_frame   0x00002e7c       0x54 c:/program files (x86)/atollic/truestudio for stm32 9.3.0/armtools/bin/../lib/gcc/arm-atollic-eabi/6.3.1/../../../../arm-atollic-eabi/lib/armv7e-m/fpu\libc_nano.a(lib_a-fwalk.o)
 .debug_frame   0x00002ed0       0x2c c:/program files (x86)/atollic/truestudio for stm32 9.3.0/armtools/bin/../lib/gcc/arm-atollic-eabi/6.3.1/../../../../arm-atollic-eabi/lib/armv7e-m/fpu\libc_nano.a(lib_a-lseekr.o)
 .debug_frame   0x00002efc       0x58 c:/program files (x86)/atollic/truestudio for stm32 9.3.0/armtools/bin/../lib/gcc/arm-atollic-eabi/6.3.1/../../../../arm-atollic-eabi/lib/armv7e-m/fpu\libc_nano.a(lib_a-makebuf.o)
 .debug_frame   0x00002f54       0x30 c:/program files (x86)/atollic/truestudio for stm32 9.3.0/armtools/bin/../lib/gcc/arm-atollic-eabi/6.3.1/../../../../arm-atollic-eabi/lib/armv7e-m/fpu\libc_nano.a(lib_a-mlock.o)
 .debug_frame   0x00002f84       0x90 c:/program files (x86)/atollic/truestudio for stm32 9.3.0/armtools/bin/../lib/gcc/arm-atollic-eabi/6.3.1/../../../../arm-atollic-eabi/lib/armv7e-m/fpu\libc_nano.a(lib_a-nano-svfprintf.o)
 .debug_frame   0x00003014       0xac c:/program files (x86)/atollic/truestudio for stm32 9.3.0/armtools/bin/../lib/gcc/arm-atollic-eabi/6.3.1/../../../../arm-atollic-eabi/lib/armv7e-m/fpu\libc_nano.a(lib_a-nano-vfprintf.o)
 .debug_frame   0x000030c0       0x60 c:/program files (x86)/atollic/truestudio for stm32 9.3.0/armtools/bin/../lib/gcc/arm-atollic-eabi/6.3.1/../../../../arm-atollic-eabi/lib/armv7e-m/fpu\libc_nano.a(lib_a-nano-vfprintf_i.o)
 .debug_frame   0x00003120       0x2c c:/program files (x86)/atollic/truestudio for stm32 9.3.0/armtools/bin/../lib/gcc/arm-atollic-eabi/6.3.1/../../../../arm-atollic-eabi/lib/armv7e-m/fpu\libc_nano.a(lib_a-readr.o)
 .debug_frame   0x0000314c       0x5c c:/program files (x86)/atollic/truestudio for stm32 9.3.0/armtools/bin/../lib/gcc/arm-atollic-eabi/6.3.1/../../../../arm-atollic-eabi/lib/armv7e-m/fpu\libc_nano.a(lib_a-reent.o)
 .debug_frame   0x000031a8       0x2c c:/program files (x86)/atollic/truestudio for stm32 9.3.0/armtools/bin/../lib/gcc/arm-atollic-eabi/6.3.1/../../../../arm-atollic-eabi/lib/armv7e-m/fpu\libc_nano.a(lib_a-fstatr.o)
 .debug_frame   0x000031d4       0x2c c:/program files (x86)/atollic/truestudio for stm32 9.3.0/armtools/bin/../lib/gcc/arm-atollic-eabi/6.3.1/../../../../arm-atollic-eabi/lib/armv7e-m/fpu\libc_nano.a(lib_a-isattyr.o)
 .debug_frame   0x00003200       0x28 c:/program files (x86)/atollic/truestudio for stm32 9.3.0/armtools/bin/../lib/gcc/arm-atollic-eabi/6.3.1/../../../../arm-atollic-eabi/lib/armv7e-m/fpu\libc_nano.a(lib_a-memmove.o)
 .debug_frame   0x00003228       0x3c c:/program files (x86)/atollic/truestudio for stm32 9.3.0/armtools/bin/../lib/gcc/arm-atollic-eabi/6.3.1/../../../../arm-atollic-eabi/lib/armv7e-m/fpu\libc_nano.a(lib_a-nano-reallocr.o)
 .debug_frame   0x00003264       0x20 c:/program files (x86)/atollic/truestudio for stm32 9.3.0/armtools/bin/../lib/gcc/arm-atollic-eabi/6.3.1/../../../../arm-atollic-eabi/lib/armv7e-m/fpu\libc_nano.a(lib_a-nano-msizer.o)
 .debug_frame   0x00003284       0x2c c:/program files (x86)/atollic/truestudio for stm32 9.3.0/armtools/bin/../lib/gcc/arm-atollic-eabi/6.3.1/armv7e-m/fpu\libgcc.a(_aeabi_uldivmod.o)
 .debug_frame   0x000032b0       0x34 c:/program files (x86)/atollic/truestudio for stm32 9.3.0/armtools/bin/../lib/gcc/arm-atollic-eabi/6.3.1/armv7e-m/fpu\libgcc.a(_udivmoddi4.o)
 .debug_frame   0x000032e4       0x20 c:/program files (x86)/atollic/truestudio for stm32 9.3.0/armtools/bin/../lib/gcc/arm-atollic-eabi/6.3.1/../../../../arm-atollic-eabi/lib/armv7e-m/fpu\libnosys.a(sbrk.o)
